Archive member included to satisfy reference by file (symbol)

/usr/lib/gcc/arm-none-eabi/10.3.1/../../../arm-none-eabi/lib/thumb/v6-m/nofp/libc.a(lib_a-atexit.o)
                              /usr/lib/gcc/arm-none-eabi/10.3.1/../../../arm-none-eabi/lib/thumb/v6-m/nofp/rdimon-crt0.o (atexit)
/usr/lib/gcc/arm-none-eabi/10.3.1/../../../arm-none-eabi/lib/thumb/v6-m/nofp/libc.a(lib_a-exit.o)
                              /usr/lib/gcc/arm-none-eabi/10.3.1/../../../arm-none-eabi/lib/thumb/v6-m/nofp/rdimon-crt0.o (exit)
/usr/lib/gcc/arm-none-eabi/10.3.1/../../../arm-none-eabi/lib/thumb/v6-m/nofp/libc.a(lib_a-fini.o)
                              /usr/lib/gcc/arm-none-eabi/10.3.1/../../../arm-none-eabi/lib/thumb/v6-m/nofp/rdimon-crt0.o (__libc_fini_array)
/usr/lib/gcc/arm-none-eabi/10.3.1/../../../arm-none-eabi/lib/thumb/v6-m/nofp/libc.a(lib_a-impure.o)
                              /usr/lib/gcc/arm-none-eabi/10.3.1/../../../arm-none-eabi/lib/thumb/v6-m/nofp/libc.a(lib_a-exit.o) (_global_impure_ptr)
/usr/lib/gcc/arm-none-eabi/10.3.1/../../../arm-none-eabi/lib/thumb/v6-m/nofp/libc.a(lib_a-init.o)
                              /usr/lib/gcc/arm-none-eabi/10.3.1/../../../arm-none-eabi/lib/thumb/v6-m/nofp/rdimon-crt0.o (__libc_init_array)
/usr/lib/gcc/arm-none-eabi/10.3.1/../../../arm-none-eabi/lib/thumb/v6-m/nofp/libc.a(lib_a-memset.o)
                              /usr/lib/gcc/arm-none-eabi/10.3.1/../../../arm-none-eabi/lib/thumb/v6-m/nofp/rdimon-crt0.o (memset)
/usr/lib/gcc/arm-none-eabi/10.3.1/../../../arm-none-eabi/lib/thumb/v6-m/nofp/libc.a(lib_a-__atexit.o)
                              /usr/lib/gcc/arm-none-eabi/10.3.1/../../../arm-none-eabi/lib/thumb/v6-m/nofp/libc.a(lib_a-atexit.o) (__register_exitproc)
/usr/lib/gcc/arm-none-eabi/10.3.1/../../../arm-none-eabi/lib/thumb/v6-m/nofp/libc.a(lib_a-__call_atexit.o)
                              /usr/lib/gcc/arm-none-eabi/10.3.1/../../../arm-none-eabi/lib/thumb/v6-m/nofp/libc.a(lib_a-exit.o) (__call_exitprocs)
/usr/lib/gcc/arm-none-eabi/10.3.1/../../../arm-none-eabi/lib/thumb/v6-m/nofp/librdimon.a(rdimon-syscalls.o)
                              /usr/lib/gcc/arm-none-eabi/10.3.1/../../../arm-none-eabi/lib/thumb/v6-m/nofp/rdimon-crt0.o (initialise_monitor_handles)
/usr/lib/gcc/arm-none-eabi/10.3.1/../../../arm-none-eabi/lib/thumb/v6-m/nofp/librdimon.a(rdimon-_exit.o)
                              /usr/lib/gcc/arm-none-eabi/10.3.1/../../../arm-none-eabi/lib/thumb/v6-m/nofp/libc.a(lib_a-exit.o) (_exit)
/usr/lib/gcc/arm-none-eabi/10.3.1/../../../arm-none-eabi/lib/thumb/v6-m/nofp/librdimon.a(rdimon-_kill.o)
                              /usr/lib/gcc/arm-none-eabi/10.3.1/../../../arm-none-eabi/lib/thumb/v6-m/nofp/librdimon.a(rdimon-_exit.o) (_kill_shared)
/usr/lib/gcc/arm-none-eabi/10.3.1/thumb/v6-m/nofp/libgcc.a(_thumb1_case_uqi.o)
                              obj/stm32l0xx_hal_uart.o (__gnu_thumb1_case_uqi)
/usr/lib/gcc/arm-none-eabi/10.3.1/thumb/v6-m/nofp/libgcc.a(_thumb1_case_shi.o)
                              obj/stm32l0xx_hal_uart.o (__gnu_thumb1_case_shi)
/usr/lib/gcc/arm-none-eabi/10.3.1/thumb/v6-m/nofp/libgcc.a(_thumb1_case_uhi.o)
                              obj/LoRaMac.o (__gnu_thumb1_case_uhi)
/usr/lib/gcc/arm-none-eabi/10.3.1/thumb/v6-m/nofp/libgcc.a(_udivsi3.o)
                              obj/main.o (__aeabi_uidiv)
/usr/lib/gcc/arm-none-eabi/10.3.1/thumb/v6-m/nofp/libgcc.a(_divsi3.o)
                              obj/main.o (__aeabi_idiv)
/usr/lib/gcc/arm-none-eabi/10.3.1/thumb/v6-m/nofp/libgcc.a(_dvmd_tls.o)
                              /usr/lib/gcc/arm-none-eabi/10.3.1/thumb/v6-m/nofp/libgcc.a(_udivsi3.o) (__aeabi_idiv0)
/usr/lib/gcc/arm-none-eabi/10.3.1/thumb/v6-m/nofp/libgcc.a(_arm_cmpdf2.o)
                              obj/sx1276.o (__aeabi_dcmpgt)
/usr/lib/gcc/arm-none-eabi/10.3.1/thumb/v6-m/nofp/libgcc.a(_arm_cmpsf2.o)
                              obj/main.o (__aeabi_fcmplt)
/usr/lib/gcc/arm-none-eabi/10.3.1/thumb/v6-m/nofp/libgcc.a(_aeabi_ldivmod.o)
                              obj/hw_rtc.o (__aeabi_ldivmod)
/usr/lib/gcc/arm-none-eabi/10.3.1/thumb/v6-m/nofp/libgcc.a(_aeabi_uldivmod.o)
                              obj/hw_rtc.o (__aeabi_uldivmod)
/usr/lib/gcc/arm-none-eabi/10.3.1/thumb/v6-m/nofp/libgcc.a(_muldi3.o)
                              obj/LSM6DS3_ACC_GYRO_driver.o (__aeabi_lmul)
/usr/lib/gcc/arm-none-eabi/10.3.1/thumb/v6-m/nofp/libgcc.a(_fixunssfsi.o)
                              obj/main.o (__aeabi_f2uiz)
/usr/lib/gcc/arm-none-eabi/10.3.1/thumb/v6-m/nofp/libgcc.a(_fixunsdfsi.o)
                              obj/RegionCommon.o (__aeabi_d2uiz)
/usr/lib/gcc/arm-none-eabi/10.3.1/thumb/v6-m/nofp/libgcc.a(_udivmoddi4.o)
                              /usr/lib/gcc/arm-none-eabi/10.3.1/thumb/v6-m/nofp/libgcc.a(_aeabi_uldivmod.o) (__udivmoddi4)
/usr/lib/gcc/arm-none-eabi/10.3.1/thumb/v6-m/nofp/libgcc.a(bpabi.o)
                              /usr/lib/gcc/arm-none-eabi/10.3.1/thumb/v6-m/nofp/libgcc.a(_aeabi_ldivmod.o) (__gnu_ldivmod_helper)
[...]
Memory Configuration

Name             Origin             Length             Attributes
RAM              0x0000000020000000 0x0000000000005000 xrw
FLASH            0x0000000008000000 0x0000000000030000 xr
*default*        0x0000000000000000 0xffffffffffffffff

Linker script and memory map

LOAD /usr/lib/gcc/arm-none-eabi/10.3.1/thumb/v6-m/nofp/crti.o
LOAD /usr/lib/gcc/arm-none-eabi/10.3.1/thumb/v6-m/nofp/crtbegin.o
LOAD /usr/lib/gcc/arm-none-eabi/10.3.1/../../../arm-none-eabi/lib/thumb/v6-m/nofp/rdimon-crt0.o
LOAD /usr/lib/gcc/arm-none-eabi/10.3.1/../../../arm-none-eabi/lib/thumb/v6-m/nofp/libc.a
LOAD /usr/lib/gcc/arm-none-eabi/10.3.1/../../../arm-none-eabi/lib/thumb/v6-m/nofp/librdimon.a
LOAD /tmp/ccMbxNNL.o
LOAD obj/main.o
LOAD obj/bsp.o
LOAD obj/debug.o
LOAD obj/hw_gpio.o
LOAD obj/hw_rtc.o
LOAD obj/hw_spi.o
LOAD obj/vcom.o
LOAD obj/sound_classifier.o
LOAD obj/mlm32l0xx_hal_msp.o
LOAD obj/mlm32l0xx_it.o
LOAD obj/mlm32l0xx_hw.o
LOAD obj/stm32l0xx_hal_spi.o
LOAD obj/stm32l0xx_hal_uart.o
LOAD obj/stm32l0xx_hal_uart_ex.o
LOAD obj/stm32l0xx_hal_adc.o
LOAD obj/stm32l0xx_hal_adc_ex.o
LOAD obj/stm32l0xx_hal_rcc.o
LOAD obj/stm32l0xx_hal_rcc_ex.o
LOAD obj/stm32l0xx_hal.o
LOAD obj/stm32l0xx_hal_cortex.o
LOAD obj/stm32l0xx_hal_gpio.o
LOAD obj/stm32l0xx_hal_dma.o
LOAD obj/stm32l0xx_hal_pwr.o
LOAD obj/stm32l0xx_hal_pwr_ex.o
LOAD obj/stm32l0xx_hal_rtc.o
LOAD obj/stm32l0xx_hal_rtc_ex.o
LOAD obj/stm32l0xx_hal_tim.o
LOAD obj/stm32l0xx_hal_tim_ex.o
LOAD obj/stm32l0xx_hal_i2c.o
LOAD obj/stm32l0xx_hal_i2c_ex.o
LOAD obj/stm32l0xx_hal_comp.o
LOAD obj/stm32l0xx_hal_comp_ex.o
LOAD obj/stm32l0xx_hal_crc.o
LOAD obj/stm32l0xx_hal_crc_ex.o
LOAD obj/stm32l0xx_hal_cryp.o
LOAD obj/stm32l0xx_hal_cryp_ex.o
LOAD obj/stm32l0xx_hal_dac.o
LOAD obj/stm32l0xx_hal_dac_ex.o
LOAD obj/stm32l0xx_hal_firewall.o
LOAD obj/stm32l0xx_hal_flash.o
LOAD obj/stm32l0xx_hal_flash_ex.o
LOAD obj/stm32l0xx_hal_flash_ramfunc.o
LOAD obj/stm32l0xx_hal_i2s.o
LOAD obj/stm32l0xx_hal_irda.o
LOAD obj/stm32l0xx_hal_iwdg.o
LOAD obj/stm32l0xx_hal_lptim.o
LOAD obj/stm32l0xx_hal_rng.o
LOAD obj/stm32l0xx_hal_usart.o
LOAD obj/lora.o
LOAD obj/lora-test.o
LOAD obj/NvmCtxMgmt.o
LOAD obj/LmHandler.o
LOAD obj/FragDecoder.o
LOAD obj/LmhpClockSync.o
LOAD obj/LmhpCompliance.o
LOAD obj/LmhpFragmentation.o
LOAD obj/LmhpRemoteMcastSetup.o
LOAD obj/LoRaMac.o
LOAD obj/LoRaMacCrypto.o
LOAD obj/LoRaMacAdr.o
LOAD obj/LoRaMacClassB.o
LOAD obj/LoRaMacCommands.o
LOAD obj/LoRaMacConfirmQueue.o
LOAD obj/LoRaMacParser.o
LOAD obj/LoRaMacSerializer.o
LOAD obj/Region.o
LOAD obj/RegionCommon.o
LOAD obj/RegionAU915.o
LOAD obj/hw_gpio_template.o
LOAD obj/hw_rtc_template.o
LOAD obj/hw_spi_template.o
LOAD obj/aes.o
LOAD obj/cmac.o
LOAD obj/soft-se.o
LOAD obj/low_power_manager.o
LOAD obj/queue.o
LOAD obj/systime.o
LOAD obj/timeServer.o
LOAD obj/trace.o
LOAD obj/utilities.o
LOAD obj/HTS221_Driver.o
LOAD obj/HTS221_Driver_HL.o
LOAD obj/LIS3MDL_MAG_driver.o
LOAD obj/LIS3MDL_MAG_driver_HL.o
LOAD obj/LPS22HB_Driver.o
LOAD obj/LPS22HB_Driver_HL.o
LOAD obj/LPS25HB_Driver.o
LOAD obj/LPS25HB_Driver_HL.o
LOAD obj/LSM6DS0_ACC_GYRO_driver.o
LOAD obj/LSM6DS0_ACC_GYRO_driver_HL.o
LOAD obj/LSM6DS3_ACC_GYRO_driver.o
LOAD obj/LSM6DS3_ACC_GYRO_driver_HL.o
LOAD obj/LSM6DSL_ACC_GYRO_driver.o
LOAD obj/LSM6DSL_ACC_GYRO_driver_HL.o
LOAD obj/LSM303AGR_ACC_driver.o
LOAD obj/LSM303AGR_ACC_driver_HL.o
LOAD obj/LSM303AGR_MAG_driver.o
LOAD obj/LSM303AGR_MAG_driver_HL.o
LOAD obj/sx1276.o
LOAD obj/x_nucleo_iks01a2.o
LOAD obj/x_nucleo_iks01a2_accelero.o
LOAD obj/x_nucleo_iks01a2_gyro.o
LOAD obj/x_nucleo_iks01a2_humidity.o
LOAD obj/x_nucleo_iks01a2_magneto.o
LOAD obj/x_nucleo_iks01a2_pressure.o
LOAD obj/x_nucleo_iks01a2_temperature.o
LOAD obj/b-l072z-lrwan1.o
LOAD obj/mlm32l07x01.o
LOAD obj/system_stm32l0xx.o
START GROUP
LOAD /usr/lib/gcc/arm-none-eabi/10.3.1/thumb/v6-m/nofp/libgcc.a
LOAD /usr/lib/gcc/arm-none-eabi/10.3.1/../../../arm-none-eabi/lib/thumb/v6-m/nofp/libg.a
LOAD /usr/lib/gcc/arm-none-eabi/10.3.1/../../../arm-none-eabi/lib/thumb/v6-m/nofp/libc.a
END GROUP
START GROUP
LOAD /usr/lib/gcc/arm-none-eabi/10.3.1/thumb/v6-m/nofp/libgcc.a
LOAD /usr/lib/gcc/arm-none-eabi/10.3.1/../../../arm-none-eabi/lib/thumb/v6-m/nofp/libc.a
LOAD /usr/lib/gcc/arm-none-eabi/10.3.1/../../../arm-none-eabi/lib/thumb/v6-m/nofp/librdimon.a
END GROUP
LOAD /usr/lib/gcc/arm-none-eabi/10.3.1/thumb/v6-m/nofp/crtend.o
LOAD /usr/lib/gcc/arm-none-eabi/10.3.1/thumb/v6-m/nofp/crtn.o
                0x0000000020005000                _estack = 0x20005000
                0x0000000000000200                _Min_Heap_Size = 0x200
                0x0000000000000400                _Min_Stack_Size = 0x400

.isr_vector     0x0000000008000000       0xc0
                0x0000000008000000                . = ALIGN (0x4)
 *(.isr_vector)
 .isr_vector    0x0000000008000000       0xc0 /tmp/ccMbxNNL.o
                0x0000000008000000                g_pfnVectors
                0x00000000080000c0                . = ALIGN (0x4)

.text           0x00000000080000c0    0x1d864
                0x00000000080000c0                . = ALIGN (0x4)
 *(.text)
 .text          0x00000000080000c0       0x98 /usr/lib/gcc/arm-none-eabi/10.3.1/thumb/v6-m/nofp/crtbegin.o
 .text          0x0000000008000158       0x10 /usr/lib/gcc/arm-none-eabi/10.3.1/../../../arm-none-eabi/lib/thumb/v6-m/nofp/libc.a(lib_a-atexit.o)
                0x0000000008000158                atexit
 .text          0x0000000008000168       0x28 /usr/lib/gcc/arm-none-eabi/10.3.1/../../../arm-none-eabi/lib/thumb/v6-m/nofp/libc.a(lib_a-fini.o)
                0x0000000008000168                __libc_fini_array
 .text          0x0000000008000190       0x44 /usr/lib/gcc/arm-none-eabi/10.3.1/../../../arm-none-eabi/lib/thumb/v6-m/nofp/libc.a(lib_a-init.o)
                0x0000000008000190                __libc_init_array
 .text          0x00000000080001d4       0xa8 /usr/lib/gcc/arm-none-eabi/10.3.1/../../../arm-none-eabi/lib/thumb/v6-m/nofp/libc.a(lib_a-memset.o)
                0x00000000080001d4                memset
 .text          0x000000000800027c       0x88 /usr/lib/gcc/arm-none-eabi/10.3.1/../../../arm-none-eabi/lib/thumb/v6-m/nofp/libc.a(lib_a-__atexit.o)
                0x000000000800027c                __register_exitproc
 .text          0x0000000008000304      0xa14 /usr/lib/gcc/arm-none-eabi/10.3.1/../../../arm-none-eabi/lib/thumb/v6-m/nofp/librdimon.a(rdimon-syscalls.o)
                0x0000000008000304                _swiread
                0x000000000800033c                _read
                0x00000000080003c8                _swilseek
                0x00000000080004b8                _lseek
                0x00000000080004c0                _swiwrite
                0x00000000080004f8                _write
                0x00000000080005b8                _swiclose
                0x00000000080005ec                _close
                0x000000000800067c                _getpid
                0x0000000008000680                _sbrk
                0x00000000080006cc                _swistat
                0x000000000800074c                _fstat
                0x0000000008000768                _stat
                0x00000000080007a8                _swiopen
                0x0000000008000878                _open
                0x0000000008000888                _get_semihosting_exts
                0x0000000008000998                _has_ext_exit_extended
                0x00000000080009d8                _has_ext_stdout_stderr
                0x0000000008000a18                initialise_monitor_handles
                0x0000000008000b58                _link
                0x0000000008000b68                _unlink
                0x0000000008000ba4                _gettimeofday
                0x0000000008000bd0                _clock
                0x0000000008000be4                _times
                0x0000000008000c04                _isatty
                0x0000000008000c6c                _system
                0x0000000008000ccc                _rename
 .text          0x0000000008000d18       0x14 /usr/lib/gcc/arm-none-eabi/10.3.1/../../../arm-none-eabi/lib/thumb/v6-m/nofp/librdimon.a(rdimon-_exit.o)
                0x0000000008000d18                _exit
 .text          0x0000000008000d2c       0x44 /usr/lib/gcc/arm-none-eabi/10.3.1/../../../arm-none-eabi/lib/thumb/v6-m/nofp/librdimon.a(rdimon-_kill.o)
                0x0000000008000d2c                _kill_shared
                0x0000000008000d54                _kill
 .text          0x0000000008000d70       0x14 /usr/lib/gcc/arm-none-eabi/10.3.1/thumb/v6-m/nofp/libgcc.a(_thumb1_case_uqi.o)
                0x0000000008000d70                __gnu_thumb1_case_uqi
 .text          0x0000000008000d84       0x14 /usr/lib/gcc/arm-none-eabi/10.3.1/thumb/v6-m/nofp/libgcc.a(_thumb1_case_shi.o)
                0x0000000008000d84                __gnu_thumb1_case_shi
 .text          0x0000000008000d98       0x14 /usr/lib/gcc/arm-none-eabi/10.3.1/thumb/v6-m/nofp/libgcc.a(_thumb1_case_uhi.o)
                0x0000000008000d98                __gnu_thumb1_case_uhi
 .text          0x0000000008000dac      0x114 /usr/lib/gcc/arm-none-eabi/10.3.1/thumb/v6-m/nofp/libgcc.a(_udivsi3.o)
                0x0000000008000dac                __udivsi3
                0x0000000008000dac                __aeabi_uidiv
                0x0000000008000eb8                __aeabi_uidivmod
 .text          0x0000000008000ec0      0x1d4 /usr/lib/gcc/arm-none-eabi/10.3.1/thumb/v6-m/nofp/libgcc.a(_divsi3.o)
                0x0000000008000ec0                __aeabi_idiv
                0x0000000008000ec0                __divsi3
                0x000000000800108c                __aeabi_idivmod
 .text          0x0000000008001094        0x4 /usr/lib/gcc/arm-none-eabi/10.3.1/thumb/v6-m/nofp/libgcc.a(_dvmd_tls.o)
                0x0000000008001094                __aeabi_ldiv0
                0x0000000008001094                __aeabi_idiv0
 .text          0x0000000008001098       0x7c /usr/lib/gcc/arm-none-eabi/10.3.1/thumb/v6-m/nofp/libgcc.a(_arm_cmpdf2.o)
                0x0000000008001098                __aeabi_cdrcmple
                0x00000000080010a8                __aeabi_cdcmple
                0x00000000080010a8                __aeabi_cdcmpeq
                0x00000000080010b8                __aeabi_dcmpeq
                0x00000000080010c4                __aeabi_dcmplt
                0x00000000080010d8                __aeabi_dcmple
                0x00000000080010ec                __aeabi_dcmpgt
                0x0000000008001100                __aeabi_dcmpge
 .text          0x0000000008001114       0x74 /usr/lib/gcc/arm-none-eabi/10.3.1/thumb/v6-m/nofp/libgcc.a(_arm_cmpsf2.o)
                0x0000000008001114                __aeabi_cfrcmple
                0x000000000800111c                __aeabi_cfcmple
                0x000000000800111c                __aeabi_cfcmpeq
                0x000000000800112c                __aeabi_fcmpeq
                0x0000000008001138                __aeabi_fcmplt
                0x000000000800114c                __aeabi_fcmple
                0x0000000008001160                __aeabi_fcmpgt
                0x0000000008001174                __aeabi_fcmpge
 .text          0x0000000008001188       0x48 /usr/lib/gcc/arm-none-eabi/10.3.1/thumb/v6-m/nofp/libgcc.a(_aeabi_ldivmod.o)
                0x0000000008001188                __aeabi_ldivmod
 .text          0x00000000080011d0       0x40 /usr/lib/gcc/arm-none-eabi/10.3.1/thumb/v6-m/nofp/libgcc.a(_aeabi_uldivmod.o)
                0x00000000080011d0                __aeabi_uldivmod
 .text          0x0000000008001210       0x5c /usr/lib/gcc/arm-none-eabi/10.3.1/thumb/v6-m/nofp/libgcc.a(_muldi3.o)
                0x0000000008001210                __aeabi_lmul
                0x0000000008001210                __muldi3
 .text          0x000000000800126c       0x30 /usr/lib/gcc/arm-none-eabi/10.3.1/thumb/v6-m/nofp/libgcc.a(_fixunssfsi.o)
                0x000000000800126c                __aeabi_f2uiz
                0x000000000800126c                __fixunssfsi
 .text          0x000000000800129c       0x3c /usr/lib/gcc/arm-none-eabi/10.3.1/thumb/v6-m/nofp/libgcc.a(_fixunsdfsi.o)
                0x000000000800129c                __fixunsdfsi
                0x000000000800129c                __aeabi_d2uiz
 .text          0x00000000080012d8      0x198 /usr/lib/gcc/arm-none-eabi/10.3.1/thumb/v6-m/nofp/libgcc.a(_udivmoddi4.o)
                0x00000000080012d8                __udivmoddi4
 .text          0x0000000008001470       0x3c /usr/lib/gcc/arm-none-eabi/10.3.1/thumb/v6-m/nofp/libgcc.a(bpabi.o)
                0x0000000008001470                __gnu_ldivmod_helper
 .text          0x00000000080014ac      0x33c /usr/lib/gcc/arm-none-eabi/10.3.1/thumb/v6-m/nofp/libgcc.a(addsf3.o)
                0x00000000080014ac                __aeabi_fadd
 .text          0x00000000080017e8      0x230 /usr/lib/gcc/arm-none-eabi/10.3.1/thumb/v6-m/nofp/libgcc.a(divsf3.o)
                0x00000000080017e8                __aeabi_fdiv
 .text          0x0000000008001a18       0x4c /usr/lib/gcc/arm-none-eabi/10.3.1/thumb/v6-m/nofp/libgcc.a(eqsf2.o)
                0x0000000008001a18                __nesf2
                0x0000000008001a18                __eqsf2
 .text          0x0000000008001a64       0x8c /usr/lib/gcc/arm-none-eabi/10.3.1/thumb/v6-m/nofp/libgcc.a(gesf2.o)
                0x0000000008001a64                __gtsf2
                0x0000000008001a64                __gesf2
 .text          0x0000000008001af0       0x88 /usr/lib/gcc/arm-none-eabi/10.3.1/thumb/v6-m/nofp/libgcc.a(lesf2.o)
                0x0000000008001af0                __lesf2
                0x0000000008001af0                __ltsf2
 .text          0x0000000008001b78      0x24c /usr/lib/gcc/arm-none-eabi/10.3.1/thumb/v6-m/nofp/libgcc.a(mulsf3.o)
                0x0000000008001b78                __aeabi_fmul
 .text          0x0000000008001dc4      0x35c /usr/lib/gcc/arm-none-eabi/10.3.1/thumb/v6-m/nofp/libgcc.a(subsf3.o)
                0x0000000008001dc4                __aeabi_fsub
 .text          0x0000000008002120       0x40 /usr/lib/gcc/arm-none-eabi/10.3.1/thumb/v6-m/nofp/libgcc.a(fixsfsi.o)
                0x0000000008002120                __aeabi_f2iz
 .text          0x0000000008002160       0x9c /usr/lib/gcc/arm-none-eabi/10.3.1/thumb/v6-m/nofp/libgcc.a(floatsisf.o)
                0x0000000008002160                __aeabi_i2f
 .text          0x00000000080021fc       0x84 /usr/lib/gcc/arm-none-eabi/10.3.1/thumb/v6-m/nofp/libgcc.a(floatunsisf.o)
                0x00000000080021fc                __aeabi_ui2f
 .text          0x0000000008002280      0x678 /usr/lib/gcc/arm-none-eabi/10.3.1/thumb/v6-m/nofp/libgcc.a(adddf3.o)
                0x0000000008002280                __aeabi_dadd
 .text          0x00000000080028f8      0x5ec /usr/lib/gcc/arm-none-eabi/10.3.1/thumb/v6-m/nofp/libgcc.a(divdf3.o)
                0x00000000080028f8                __aeabi_ddiv
 .text          0x0000000008002ee4       0x84 /usr/lib/gcc/arm-none-eabi/10.3.1/thumb/v6-m/nofp/libgcc.a(eqdf2.o)
                0x0000000008002ee4                __eqdf2
                0x0000000008002ee4                __nedf2
 .text          0x0000000008002f68       0xcc /usr/lib/gcc/arm-none-eabi/10.3.1/thumb/v6-m/nofp/libgcc.a(gedf2.o)
                0x0000000008002f68                __gtdf2
                0x0000000008002f68                __gedf2
 .text          0x0000000008003034       0xc8 /usr/lib/gcc/arm-none-eabi/10.3.1/thumb/v6-m/nofp/libgcc.a(ledf2.o)
                0x0000000008003034                __ltdf2
                0x0000000008003034                __ledf2
 .text          0x00000000080030fc      0x4d8 /usr/lib/gcc/arm-none-eabi/10.3.1/thumb/v6-m/nofp/libgcc.a(muldf3.o)
                0x00000000080030fc                __aeabi_dmul
 .text          0x00000000080035d4      0x724 /usr/lib/gcc/arm-none-eabi/10.3.1/thumb/v6-m/nofp/libgcc.a(subdf3.o)
                0x00000000080035d4                __aeabi_dsub
 .text          0x0000000008003cf8       0x6c /usr/lib/gcc/arm-none-eabi/10.3.1/thumb/v6-m/nofp/libgcc.a(fixdfsi.o)
                0x0000000008003cf8                __aeabi_d2iz
 .text          0x0000000008003d64       0x60 /usr/lib/gcc/arm-none-eabi/10.3.1/thumb/v6-m/nofp/libgcc.a(floatsidf.o)
                0x0000000008003d64                __aeabi_i2d
 .text          0x0000000008003dc4       0x4c /usr/lib/gcc/arm-none-eabi/10.3.1/thumb/v6-m/nofp/libgcc.a(floatunsidf.o)
                0x0000000008003dc4                __aeabi_ui2d
 .text          0x0000000008003e10       0x90 /usr/lib/gcc/arm-none-eabi/10.3.1/thumb/v6-m/nofp/libgcc.a(extendsfdf2.o)
                0x0000000008003e10                __aeabi_f2d
 .text          0x0000000008003ea0       0x3c /usr/lib/gcc/arm-none-eabi/10.3.1/thumb/v6-m/nofp/libgcc.a(_clzsi2.o)
                0x0000000008003ea0                __clzsi2
 .text          0x0000000008003edc       0x18 /usr/lib/gcc/arm-none-eabi/10.3.1/thumb/v6-m/nofp/libgcc.a(_clzdi2.o)
                0x0000000008003edc                __clzdi2
 .text          0x0000000008003ef4      0x1cc /usr/lib/gcc/arm-none-eabi/10.3.1/thumb/v6-m/nofp/libgcc.a(_divdi3.o)
                0x0000000008003ef4                __divdi3
 .text          0x00000000080040c0        0xc /usr/lib/gcc/arm-none-eabi/10.3.1/../../../arm-none-eabi/lib/thumb/v6-m/nofp/libg.a(lib_a-errno.o)
                0x00000000080040c0                __errno
 .text          0x00000000080040cc      0x248 /usr/lib/gcc/arm-none-eabi/10.3.1/../../../arm-none-eabi/lib/thumb/v6-m/nofp/libg.a(lib_a-findfp.o)
                0x00000000080040d0                _cleanup_r
                0x00000000080041cc                __sfmoreglue
                0x00000000080041fc                __sfp
                0x00000000080042ac                _cleanup
                0x00000000080042c4                __sinit
                0x00000000080042d4                __sfp_lock_acquire
                0x00000000080042d8                __sfp_lock_release
                0x00000000080042dc                __sinit_lock_acquire
                0x00000000080042e0                __sinit_lock_release
                0x00000000080042e4                __fp_lock_all
                0x00000000080042fc                __fp_unlock_all
 .text          0x0000000008004314       0x88 /usr/lib/gcc/arm-none-eabi/10.3.1/../../../arm-none-eabi/lib/thumb/v6-m/nofp/libg.a(lib_a-fwalk.o)
                0x0000000008004314                _fwalk
                0x0000000008004354                _fwalk_reent
 .text          0x000000000800439c      0x574 /usr/lib/gcc/arm-none-eabi/10.3.1/../../../arm-none-eabi/lib/thumb/v6-m/nofp/libg.a(lib_a-mallocr.o)
                0x000000000800439c                _malloc_r
 .text          0x0000000008004910       0xa4 /usr/lib/gcc/arm-none-eabi/10.3.1/../../../arm-none-eabi/lib/thumb/v6-m/nofp/libg.a(lib_a-memcpy-stub.o)
                0x0000000008004910                memcpy
 .text          0x00000000080049b4        0x8 /usr/lib/gcc/arm-none-eabi/10.3.1/../../../arm-none-eabi/lib/thumb/v6-m/nofp/libg.a(lib_a-mlock.o)
                0x00000000080049b4                __malloc_lock
                0x00000000080049b8                __malloc_unlock
 .text          0x00000000080049bc       0x40 /usr/lib/gcc/arm-none-eabi/10.3.1/../../../arm-none-eabi/lib/thumb/v6-m/nofp/libg.a(lib_a-printf.o)
                0x00000000080049bc                _printf_r
                0x00000000080049d8                printf
 .text          0x00000000080049fc       0x24 /usr/lib/gcc/arm-none-eabi/10.3.1/../../../arm-none-eabi/lib/thumb/v6-m/nofp/libg.a(lib_a-sbrkr.o)
                0x00000000080049fc                _sbrk_r
 .text          0x0000000008004a20       0xa4 /usr/lib/gcc/arm-none-eabi/10.3.1/../../../arm-none-eabi/lib/thumb/v6-m/nofp/libg.a(lib_a-stdio.o)
                0x0000000008004a20                __sread
                0x0000000008004a48                __seofread
                0x0000000008004a4c                __swrite
                0x0000000008004a8c                __sseek
                0x0000000008004ab8                __sclose
 .text          0x0000000008004ac4       0x5c /usr/lib/gcc/arm-none-eabi/10.3.1/../../../arm-none-eabi/lib/thumb/v6-m/nofp/libg.a(lib_a-strlen-stub.o)
                0x0000000008004ac4                strlen
 .text          0x0000000008004b20     0x16e4 /usr/lib/gcc/arm-none-eabi/10.3.1/../../../arm-none-eabi/lib/thumb/v6-m/nofp/libg.a(lib_a-vfprintf.o)
                0x0000000008004b20                _vfprintf_r
                0x0000000008006178                vfprintf
 .text          0x0000000008006204       0xdc /usr/lib/gcc/arm-none-eabi/10.3.1/../../../arm-none-eabi/lib/thumb/v6-m/nofp/libg.a(lib_a-vsnprintf.o)
                0x0000000008006204                vsnprintf
                0x0000000008006270                _vsnprintf_r
 .text          0x00000000080062e0       0x28 /usr/lib/gcc/arm-none-eabi/10.3.1/../../../arm-none-eabi/lib/thumb/v6-m/nofp/libg.a(lib_a-writer.o)
                0x00000000080062e0                _write_r
 .text          0x0000000008006308       0xdc /usr/lib/gcc/arm-none-eabi/10.3.1/../../../arm-none-eabi/lib/thumb/v6-m/nofp/libg.a(lib_a-wsetup.o)
                0x0000000008006308                __swsetup_r
 .text          0x00000000080063e4       0x24 /usr/lib/gcc/arm-none-eabi/10.3.1/../../../arm-none-eabi/lib/thumb/v6-m/nofp/libg.a(lib_a-closer.o)
                0x00000000080063e4                _close_r
 .text          0x0000000008006408     0x1104 /usr/lib/gcc/arm-none-eabi/10.3.1/../../../arm-none-eabi/lib/thumb/v6-m/nofp/libg.a(lib_a-dtoa.o)
                0x0000000008006550                _dtoa_r
 .text          0x000000000800750c       0xe8 /usr/lib/gcc/arm-none-eabi/10.3.1/../../../arm-none-eabi/lib/thumb/v6-m/nofp/libg.a(lib_a-fclose.o)
                0x000000000800757c                _fclose_r
                0x00000000080075b4                fclose
 .text          0x00000000080075f4      0x1c0 /usr/lib/gcc/arm-none-eabi/10.3.1/../../../arm-none-eabi/lib/thumb/v6-m/nofp/libg.a(lib_a-fflush.o)
                0x00000000080075f4                __sflush_r
                0x0000000008007734                _fflush_r
                0x0000000008007760                fflush
 .text          0x00000000080077b4      0x260 /usr/lib/gcc/arm-none-eabi/10.3.1/../../../arm-none-eabi/lib/thumb/v6-m/nofp/libg.a(lib_a-freer.o)
                0x00000000080077b4                _malloc_trim_r
                0x0000000008007850                _free_r
 .text          0x0000000008007a14       0x14 /usr/lib/gcc/arm-none-eabi/10.3.1/../../../arm-none-eabi/lib/thumb/v6-m/nofp/libg.a(lib_a-localeconv.o)
                0x0000000008007a14                __localeconv_l
                0x0000000008007a18                _localeconv_r
                0x0000000008007a20                localeconv
 .text          0x0000000008007a28       0x28 /usr/lib/gcc/arm-none-eabi/10.3.1/../../../arm-none-eabi/lib/thumb/v6-m/nofp/libg.a(lib_a-lseekr.o)
                0x0000000008007a28                _lseek_r
 .text          0x0000000008007a50      0x144 /usr/lib/gcc/arm-none-eabi/10.3.1/../../../arm-none-eabi/lib/thumb/v6-m/nofp/libg.a(lib_a-makebuf.o)
                0x0000000008007a50                __smakebuf_r
                0x0000000008007b34                __swhatbuf_r
 .text          0x0000000008007b94       0x74 /usr/lib/gcc/arm-none-eabi/10.3.1/../../../arm-none-eabi/lib/thumb/v6-m/nofp/libg.a(lib_a-memchr-stub.o)
                0x0000000008007b94                memchr
 .text          0x0000000008007c08      0xafc /usr/lib/gcc/arm-none-eabi/10.3.1/../../../arm-none-eabi/lib/thumb/v6-m/nofp/libg.a(lib_a-mprec.o)
                0x0000000008007c08                _Balloc
                0x0000000008007c58                _Bfree
                0x0000000008007c6c                __multadd
                0x0000000008007d14                __s2b
                0x0000000008007dc4                __hi0bits
                0x0000000008007dfc                __lo0bits
                0x0000000008007e58                __i2b
                0x0000000008007eb8                __multiply
                0x000000000800805c                __pow5mult
                0x0000000008008134                __lshift
                0x0000000008008230                __mcmp
                0x0000000008008264                __mdiff
                0x00000000080083f0                __ulp
                0x0000000008008438                __b2d
                0x0000000008008500                __d2b
                0x00000000080085d8                __ratio
                0x0000000008008640                _mprec_log10
                0x0000000008008674                __copybits
                0x00000000080086b4                __any_on
 .text          0x0000000008008704       0x28 /usr/lib/gcc/arm-none-eabi/10.3.1/../../../arm-none-eabi/lib/thumb/v6-m/nofp/libg.a(lib_a-readr.o)
                0x0000000008008704                _read_r
 .text          0x000000000800872c     0x15f0 /usr/lib/gcc/arm-none-eabi/10.3.1/../../../arm-none-eabi/lib/thumb/v6-m/nofp/libg.a(lib_a-svfprintf.o)
                0x000000000800872c                _svfprintf_r
 .text          0x0000000008009d1c      0xdd8 /usr/lib/gcc/arm-none-eabi/10.3.1/../../../arm-none-eabi/lib/thumb/v6-m/nofp/libg.a(lib_a-vfiprintf.o)
                0x0000000008009da4                __sprint_r
                0x0000000008009db8                _vfiprintf_r
                0x000000000800aa68                vfiprintf
 .text          0x000000000800aaf4       0x4c /usr/lib/gcc/arm-none-eabi/10.3.1/../../../arm-none-eabi/lib/thumb/v6-m/nofp/libg.a(lib_a-assert.o)
                0x000000000800aaf4                __assert_func
                0x000000000800ab34                __assert
 .text          0x000000000800ab40       0x5c /usr/lib/gcc/arm-none-eabi/10.3.1/../../../arm-none-eabi/lib/thumb/v6-m/nofp/libg.a(lib_a-callocr.o)
                0x000000000800ab40                _calloc_r
 .text          0x000000000800ab9c       0x3c /usr/lib/gcc/arm-none-eabi/10.3.1/../../../arm-none-eabi/lib/thumb/v6-m/nofp/libg.a(lib_a-fiprintf.o)
                0x000000000800ab9c                _fiprintf_r
                0x000000000800abb4                fiprintf
 .text          0x000000000800abd8       0xfc /usr/lib/gcc/arm-none-eabi/10.3.1/../../../arm-none-eabi/lib/thumb/v6-m/nofp/libg.a(lib_a-fputwc.o)
                0x000000000800abd8                __fputwc
                0x000000000800ac70                _fputwc_r
                0x000000000800ac90                fputwc
 .text          0x000000000800acd4       0x28 /usr/lib/gcc/arm-none-eabi/10.3.1/../../../arm-none-eabi/lib/thumb/v6-m/nofp/libg.a(lib_a-fstatr.o)
                0x000000000800acd4                _fstat_r
 .text          0x000000000800acfc      0x2f4 /usr/lib/gcc/arm-none-eabi/10.3.1/../../../arm-none-eabi/lib/thumb/v6-m/nofp/libg.a(lib_a-fvwrite.o)
                0x000000000800acfc                __sfvwrite_r
 .text          0x000000000800aff0       0x24 /usr/lib/gcc/arm-none-eabi/10.3.1/../../../arm-none-eabi/lib/thumb/v6-m/nofp/libg.a(lib_a-isattyr.o)
                0x000000000800aff0                _isatty_r
 .text          0x000000000800b014       0x98 /usr/lib/gcc/arm-none-eabi/10.3.1/../../../arm-none-eabi/lib/thumb/v6-m/nofp/libg.a(lib_a-locale.o)
                0x000000000800b014                _setlocale_r
                0x000000000800b058                __locale_mb_cur_max
                0x000000000800b068                setlocale
 .text          0x000000000800b0ac       0x44 /usr/lib/gcc/arm-none-eabi/10.3.1/../../../arm-none-eabi/lib/thumb/v6-m/nofp/libg.a(lib_a-mbtowc_r.o)
                0x000000000800b0ac                _mbtowc_r
                0x000000000800b0c4                __ascii_mbtowc
 .text          0x000000000800b0f0       0xac /usr/lib/gcc/arm-none-eabi/10.3.1/../../../arm-none-eabi/lib/thumb/v6-m/nofp/libg.a(lib_a-memmove.o)
                0x000000000800b0f0                memmove
 .text          0x000000000800b19c      0x354 /usr/lib/gcc/arm-none-eabi/10.3.1/../../../arm-none-eabi/lib/thumb/v6-m/nofp/libg.a(lib_a-reallocr.o)
                0x000000000800b19c                _realloc_r
 .text          0x000000000800b4f0       0x88 /usr/lib/gcc/arm-none-eabi/10.3.1/../../../arm-none-eabi/lib/thumb/v6-m/nofp/libg.a(lib_a-strcmp.o)
                0x000000000800b4f0                strcmp
 .text          0x000000000800b578      0xbfc /usr/lib/gcc/arm-none-eabi/10.3.1/../../../arm-none-eabi/lib/thumb/v6-m/nofp/libg.a(lib_a-svfiprintf.o)
                0x000000000800b578                __ssprint_r
                0x000000000800b68c                _svfiprintf_r
 .text          0x000000000800c174       0xe0 /usr/lib/gcc/arm-none-eabi/10.3.1/../../../arm-none-eabi/lib/thumb/v6-m/nofp/libg.a(lib_a-wbuf.o)
                0x000000000800c174                __swbuf_r
                0x000000000800c23c                __swbuf
 .text          0x000000000800c254       0x84 /usr/lib/gcc/arm-none-eabi/10.3.1/../../../arm-none-eabi/lib/thumb/v6-m/nofp/libg.a(lib_a-wcrtomb.o)
                0x000000000800c254                _wcrtomb_r
                0x000000000800c294                wcrtomb
 .text          0x000000000800c2d8       0x2c /usr/lib/gcc/arm-none-eabi/10.3.1/../../../arm-none-eabi/lib/thumb/v6-m/nofp/libg.a(lib_a-wctomb_r.o)
                0x000000000800c2d8                _wctomb_r
                0x000000000800c2e8                __ascii_wctomb
 .text          0x000000000800c304       0x10 /usr/lib/gcc/arm-none-eabi/10.3.1/../../../arm-none-eabi/lib/thumb/v6-m/nofp/libg.a(lib_a-abort.o)
                0x000000000800c304                abort
 .text          0x000000000800c314      0x2a0 /usr/lib/gcc/arm-none-eabi/10.3.1/../../../arm-none-eabi/lib/thumb/v6-m/nofp/libg.a(lib_a-signal.o)
                0x000000000800c314                _init_signal_r
                0x000000000800c348                _signal_r
                0x000000000800c3a0                _raise_r
                0x000000000800c3fc                __sigtramp_r
                0x000000000800c45c                raise
                0x000000000800c4bc                signal
                0x000000000800c510                _init_signal
                0x000000000800c54c                __sigtramp
 .text          0x000000000800c5b4       0x30 /usr/lib/gcc/arm-none-eabi/10.3.1/../../../arm-none-eabi/lib/thumb/v6-m/nofp/libg.a(lib_a-signalr.o)
                0x000000000800c5b4                _kill_r
                0x000000000800c5dc                _getpid_r
 .text          0x000000000800c5e4       0x3c /usr/lib/gcc/arm-none-eabi/10.3.1/thumb/v6-m/nofp/libgcc.a(unorddf2.o)
                0x000000000800c5e4                __aeabi_dcmpun
 .text          0x000000000800c620      0x128 /usr/lib/gcc/arm-none-eabi/10.3.1/../../../arm-none-eabi/lib/thumb/v6-m/nofp/libm.a(lib_a-s_ceil.o)
                0x000000000800c620                ceil
 .text          0x000000000800c748      0x138 /usr/lib/gcc/arm-none-eabi/10.3.1/../../../arm-none-eabi/lib/thumb/v6-m/nofp/libm.a(lib_a-s_floor.o)
                0x000000000800c748                floor
 .text          0x000000000800c880       0xb4 /usr/lib/gcc/arm-none-eabi/10.3.1/../../../arm-none-eabi/lib/thumb/v6-m/nofp/libm.a(lib_a-s_round.o)
                0x000000000800c880                round
 *(.text*)
 .text.startup  0x000000000800c934       0x18 /usr/lib/gcc/arm-none-eabi/10.3.1/../../../arm-none-eabi/lib/thumb/v6-m/nofp/libc.a(lib_a-__call_atexit.o)
 .text.Reset_Handler
                0x000000000800c94c       0x50 /tmp/ccMbxNNL.o
                0x000000000800c94c                Reset_Handler
 .text.Default_Handler
                0x000000000800c99c        0x2 /tmp/ccMbxNNL.o
                0x000000000800c99c                TSC_IRQHandler
                0x000000000800c99c                ADC1_COMP_IRQHandler
                0x000000000800c99c                PVD_IRQHandler
                0x000000000800c99c                I2C1_IRQHandler
                0x000000000800c99c                RCC_CRS_IRQHandler
                0x000000000800c99c                SPI1_IRQHandler
                0x000000000800c99c                TIM6_DAC_IRQHandler
                0x000000000800c99c                I2C2_IRQHandler
                0x000000000800c99c                TIM3_IRQHandler
                0x000000000800c99c                DMA1_Channel1_IRQHandler
                0x000000000800c99c                USART4_5_IRQHandler
                0x000000000800c99c                Default_Handler
                0x000000000800c99c                TIM22_IRQHandler
                0x000000000800c99c                TIM7_IRQHandler
                0x000000000800c99c                USB_IRQHandler
                0x000000000800c99c                I2C3_IRQHandler
                0x000000000800c99c                SPI2_IRQHandler
                0x000000000800c99c                TIM21_IRQHandler
                0x000000000800c99c                WWDG_IRQHandler
                0x000000000800c99c                TIM2_IRQHandler
                0x000000000800c99c                DMA1_Channel2_3_IRQHandler
                0x000000000800c99c                FLASH_IRQHandler
                0x000000000800c99c                USART1_IRQHandler
                0x000000000800c99c                RNG_LPUART1_IRQHandler
                0x000000000800c99c                LPTIM1_IRQHandler
 *fill*         0x000000000800c99e        0x2 
 .text.LoraMacProcessNotify
                0x000000000800c9a0        0xc obj/main.o
 .text.LORA_TxNeeded
                0x000000000800c9ac       0x18 obj/main.o
 .text.LORA_ConfirmClass
                0x000000000800c9c4       0x28 obj/main.o
 .text.PrintHexBuffer
                0x000000000800c9ec       0x30 obj/main.o
 .text.LORA_HasJoined
                0x000000000800ca1c       0x34 obj/main.o
 .text.OnTimerLedEvent
                0x000000000800ca50        0xa obj/main.o
 *fill*         0x000000000800ca5a        0x2 
 .text.LORA_RxData
                0x000000000800ca5c       0x74 obj/main.o
 .text.LORA_GetBatteryLevel
                0x000000000800cad0       0x38 obj/main.o
 .text.OnTxTimerEvent
                0x000000000800cb08       0x18 obj/main.o
 .text.startup.main
                0x000000000800cb20      0x158 obj/main.o
                0x000000000800cb20                main
 .text.BSP_sensor_Init
                0x000000000800cc78       0x7c obj/bsp.o
                0x000000000800cc78                BSP_sensor_Init
 .text.DBG_Init
                0x000000000800ccf4       0x64 obj/debug.o
                0x000000000800ccf4                DBG_Init
 .text.Error_Handler
                0x000000000800cd58       0x10 obj/debug.o
                0x000000000800cd58                Error_Handler
 .text.HW_GPIO_GetBitPos
                0x000000000800cd68       0x38 obj/hw_gpio.o
 .text.HW_GPIO_Init
                0x000000000800cda0       0x98 obj/hw_gpio.o
                0x000000000800cda0                HW_GPIO_Init
 .text.HW_GPIO_SetIrq
                0x000000000800ce38       0x34 obj/hw_gpio.o
                0x000000000800ce38                HW_GPIO_SetIrq
 .text.HW_GPIO_IrqHandler
                0x000000000800ce6c       0x1c obj/hw_gpio.o
                0x000000000800ce6c                HW_GPIO_IrqHandler
 .text.HW_GPIO_Write
                0x000000000800ce88        0xa obj/hw_gpio.o
                0x000000000800ce88                HW_GPIO_Write
 *fill*         0x000000000800ce92        0x2 
 .text.HW_RTC_GetCalendarValue
                0x000000000800ce94       0xbc obj/hw_rtc.o
 .text.HW_RTC_GetMinimumTimeout
                0x000000000800cf50        0x4 obj/hw_rtc.o
                0x000000000800cf50                HW_RTC_GetMinimumTimeout
 .text.HW_RTC_ms2Tick
                0x000000000800cf54       0x10 obj/hw_rtc.o
                0x000000000800cf54                HW_RTC_ms2Tick
 .text.HW_RTC_Tick2ms
                0x000000000800cf64       0x16 obj/hw_rtc.o
                0x000000000800cf64                HW_RTC_Tick2ms
 *fill*         0x000000000800cf7a        0x2 
 .text.HW_RTC_GetTimerElapsedTime
                0x000000000800cf7c       0x18 obj/hw_rtc.o
                0x000000000800cf7c                HW_RTC_GetTimerElapsedTime
 .text.HW_RTC_GetTimerValue
                0x000000000800cf94        0xe obj/hw_rtc.o
                0x000000000800cf94                HW_RTC_GetTimerValue
 *fill*         0x000000000800cfa2        0x2 
 .text.HW_RTC_StopAlarm
                0x000000000800cfa4       0x30 obj/hw_rtc.o
                0x000000000800cfa4                HW_RTC_StopAlarm
 .text.HW_RTC_SetAlarm
                0x000000000800cfd4      0x148 obj/hw_rtc.o
                0x000000000800cfd4                HW_RTC_SetAlarm
 .text.HW_RTC_IrqHandler
                0x000000000800d11c       0x40 obj/hw_rtc.o
                0x000000000800d11c                HW_RTC_IrqHandler
 .text.HW_RTC_DelayMs
                0x000000000800d15c       0x26 obj/hw_rtc.o
                0x000000000800d15c                HW_RTC_DelayMs
 *fill*         0x000000000800d182        0x2 
 .text.HW_RTC_SetTimerContext
                0x000000000800d184       0x18 obj/hw_rtc.o
                0x000000000800d184                HW_RTC_SetTimerContext
 .text.HW_RTC_Init
                0x000000000800d19c       0x7c obj/hw_rtc.o
                0x000000000800d19c                HW_RTC_Init
 .text.HW_RTC_GetTimerContext
                0x000000000800d218        0xc obj/hw_rtc.o
                0x000000000800d218                HW_RTC_GetTimerContext
 .text.HW_RTC_GetCalendarTime
                0x000000000800d224       0x26 obj/hw_rtc.o
                0x000000000800d224                HW_RTC_GetCalendarTime
 *fill*         0x000000000800d24a        0x2 
 .text.HW_RTC_BKUPWrite
                0x000000000800d24c       0x20 obj/hw_rtc.o
                0x000000000800d24c                HW_RTC_BKUPWrite
 .text.HW_RTC_BKUPRead
                0x000000000800d26c       0x24 obj/hw_rtc.o
                0x000000000800d26c                HW_RTC_BKUPRead
 .text.HW_SPI_IoInit
                0x000000000800d290       0x60 obj/hw_spi.o
                0x000000000800d290                HW_SPI_IoInit
 .text.HW_SPI_Init
                0x000000000800d2f0       0x94 obj/hw_spi.o
                0x000000000800d2f0                HW_SPI_Init
 .text.HW_SPI_InOut
                0x000000000800d384       0x28 obj/hw_spi.o
                0x000000000800d384                HW_SPI_InOut
 .text.vcom_Init
                0x000000000800d3ac       0x3c obj/vcom.o
                0x000000000800d3ac                vcom_Init
 .text.vcom_Trace
                0x000000000800d3e8       0x14 obj/vcom.o
                0x000000000800d3e8                vcom_Trace
 .text.HAL_UART_TxCpltCallback
                0x000000000800d3fc       0x10 obj/vcom.o
                0x000000000800d3fc                HAL_UART_TxCpltCallback
 .text.vcom_DMA_TX_IRQHandler
                0x000000000800d40c       0x10 obj/vcom.o
                0x000000000800d40c                vcom_DMA_TX_IRQHandler
 .text.vcom_IRQHandler
                0x000000000800d41c       0x10 obj/vcom.o
                0x000000000800d41c                vcom_IRQHandler
 .text.vcom_IoInit
                0x000000000800d42c       0x58 obj/vcom.o
                0x000000000800d42c                vcom_IoInit
 .text.HAL_UART_MspInit
                0x000000000800d484       0xa8 obj/vcom.o
                0x000000000800d484                HAL_UART_MspInit
 .text.vcom_IoDeInit
                0x000000000800d52c       0x48 obj/vcom.o
                0x000000000800d52c                vcom_IoDeInit
 .text.read_gpio_sound_classifier
                0x000000000800d574       0x18 obj/sound_classifier.o
                0x000000000800d574                read_gpio_sound_classifier
 .text.HAL_InitTick
                0x000000000800d58c        0x4 obj/mlm32l0xx_hal_msp.o
                0x000000000800d58c                HAL_InitTick
 .text.HAL_Delay
                0x000000000800d590        0xc obj/mlm32l0xx_hal_msp.o
                0x000000000800d590                HAL_Delay
 .text.HAL_MspInit
                0x000000000800d59c       0x34 obj/mlm32l0xx_hal_msp.o
                0x000000000800d59c                HAL_MspInit
 .text.HAL_RTC_MspInit
                0x000000000800d5d0       0x6c obj/mlm32l0xx_hal_msp.o
                0x000000000800d5d0                HAL_RTC_MspInit
 .text.HAL_RTC_AlarmAEventCallback
                0x000000000800d63c        0x8 obj/mlm32l0xx_hal_msp.o
                0x000000000800d63c                HAL_RTC_AlarmAEventCallback
 .text.HAL_GPIO_EXTI_Callback
                0x000000000800d644        0x8 obj/mlm32l0xx_hal_msp.o
                0x000000000800d644                HAL_GPIO_EXTI_Callback
 .text.MSP_GetIRQn
                0x000000000800d64c       0x22 obj/mlm32l0xx_hal_msp.o
                0x000000000800d64c                MSP_GetIRQn
 .text.NMI_Handler
                0x000000000800d66e        0x2 obj/mlm32l0xx_it.o
                0x000000000800d66e                NMI_Handler
 .text.HardFault_Handler
                0x000000000800d670        0x4 obj/mlm32l0xx_it.o
                0x000000000800d670                HardFault_Handler
 .text.SVC_Handler
                0x000000000800d674        0x2 obj/mlm32l0xx_it.o
                0x000000000800d674                SVC_Handler
 .text.PendSV_Handler
                0x000000000800d676        0x2 obj/mlm32l0xx_it.o
                0x000000000800d676                PendSV_Handler
 .text.SysTick_Handler
                0x000000000800d678        0x8 obj/mlm32l0xx_it.o
                0x000000000800d678                SysTick_Handler
 .text.USART2_IRQHandler
                0x000000000800d680        0x8 obj/mlm32l0xx_it.o
                0x000000000800d680                USART2_IRQHandler
 .text.DMA1_Channel4_5_6_7_IRQHandler
                0x000000000800d688        0x8 obj/mlm32l0xx_it.o
                0x000000000800d688                DMA1_Channel4_5_6_7_IRQHandler
 .text.RTC_IRQHandler
                0x000000000800d690        0x8 obj/mlm32l0xx_it.o
                0x000000000800d690                RTC_IRQHandler
 .text.EXTI0_1_IRQHandler
                0x000000000800d698       0x10 obj/mlm32l0xx_it.o
                0x000000000800d698                EXTI0_1_IRQHandler
 .text.EXTI2_3_IRQHandler
                0x000000000800d6a8       0x10 obj/mlm32l0xx_it.o
                0x000000000800d6a8                EXTI2_3_IRQHandler
 .text.EXTI4_15_IRQHandler
                0x000000000800d6b8       0x5c obj/mlm32l0xx_it.o
                0x000000000800d6b8                EXTI4_15_IRQHandler
 .text.HW_GpioInit
                0x000000000800d714       0xb4 obj/mlm32l0xx_hw.o
                0x000000000800d714                HW_GpioInit
 .text.SystemClock_Config
                0x000000000800d7c8       0x98 obj/mlm32l0xx_hw.o
                0x000000000800d7c8                SystemClock_Config
 .text.HW_GetRandomSeed
                0x000000000800d860       0x20 obj/mlm32l0xx_hw.o
                0x000000000800d860                HW_GetRandomSeed
 .text.HW_GetUniqueId
                0x000000000800d880       0x54 obj/mlm32l0xx_hw.o
                0x000000000800d880                HW_GetUniqueId
 .text.HW_AdcInit
                0x000000000800d8d4       0x5c obj/mlm32l0xx_hw.o
                0x000000000800d8d4                HW_AdcInit
 .text.HW_Init  0x000000000800d930       0x4c obj/mlm32l0xx_hw.o
                0x000000000800d930                HW_Init
 .text.HW_AdcDeInit
                0x000000000800d97c       0x18 obj/mlm32l0xx_hw.o
                0x000000000800d97c                HW_AdcDeInit
 .text.HW_AdcReadChannel
                0x000000000800d994       0xa8 obj/mlm32l0xx_hw.o
                0x000000000800d994                HW_AdcReadChannel
 .text.HW_GetTemperatureLevel
                0x000000000800da3c       0x64 obj/mlm32l0xx_hw.o
                0x000000000800da3c                HW_GetTemperatureLevel
 .text.HW_GetBatteryLevel
                0x000000000800daa0       0x2c obj/mlm32l0xx_hw.o
                0x000000000800daa0                HW_GetBatteryLevel
 .text.LPM_EnterStopMode
                0x000000000800dacc       0x7c obj/mlm32l0xx_hw.o
                0x000000000800dacc                LPM_EnterStopMode
 .text.LPM_ExitStopMode
                0x000000000800db48       0x60 obj/mlm32l0xx_hw.o
                0x000000000800db48                LPM_ExitStopMode
 .text.LPM_EnterSleepMode
                0x000000000800dba8        0xc obj/mlm32l0xx_hw.o
                0x000000000800dba8                LPM_EnterSleepMode
 .text.SPI_WaitFlagStateUntilTimeout.constprop.0
                0x000000000800dbb4       0x84 obj/stm32l0xx_hal_spi.o
 .text.SPI_EndRxTxTransaction
                0x000000000800dc38       0x3e obj/stm32l0xx_hal_spi.o
 .text.HAL_SPI_MspInit
                0x000000000800dc76        0x2 obj/stm32l0xx_hal_spi.o
                0x000000000800dc76                HAL_SPI_MspInit
 .text.HAL_SPI_Init
                0x000000000800dc78       0x80 obj/stm32l0xx_hal_spi.o
                0x000000000800dc78                HAL_SPI_Init
 .text.HAL_SPI_TransmitReceive
                0x000000000800dcf8      0x1f4 obj/stm32l0xx_hal_spi.o
                0x000000000800dcf8                HAL_SPI_TransmitReceive
 .text.UART_EndRxTransfer
                0x000000000800deec       0x24 obj/stm32l0xx_hal_uart.o
 .text.HAL_UART_Transmit_DMA
                0x000000000800df10       0xa4 obj/stm32l0xx_hal_uart.o
                0x000000000800df10                HAL_UART_Transmit_DMA
 .text.UART_DMATransmitCplt
                0x000000000800dfb4       0x34 obj/stm32l0xx_hal_uart.o
 .text.HAL_UART_TxHalfCpltCallback
                0x000000000800dfe8        0x2 obj/stm32l0xx_hal_uart.o
                0x000000000800dfe8                HAL_UART_TxHalfCpltCallback
 .text.UART_DMATxHalfCplt
                0x000000000800dfea        0xa obj/stm32l0xx_hal_uart.o
 .text.HAL_UART_ErrorCallback
                0x000000000800dff4        0x2 obj/stm32l0xx_hal_uart.o
                0x000000000800dff4                HAL_UART_ErrorCallback
 .text.UART_DMAError
                0x000000000800dff6       0x50 obj/stm32l0xx_hal_uart.o
 *fill*         0x000000000800e046        0x2 
 .text.HAL_UART_IRQHandler
                0x000000000800e048      0x138 obj/stm32l0xx_hal_uart.o
                0x000000000800e048                HAL_UART_IRQHandler
 .text.UART_DMAAbortOnError
                0x000000000800e180       0x16 obj/stm32l0xx_hal_uart.o
 *fill*         0x000000000800e196        0x2 
 .text.UART_SetConfig
                0x000000000800e198      0x270 obj/stm32l0xx_hal_uart.o
                0x000000000800e198                UART_SetConfig
 .text.UART_AdvFeatureConfig
                0x000000000800e408       0xd0 obj/stm32l0xx_hal_uart.o
                0x000000000800e408                UART_AdvFeatureConfig
 .text.UART_WaitOnFlagUntilTimeout
                0x000000000800e4d8       0x5c obj/stm32l0xx_hal_uart.o
                0x000000000800e4d8                UART_WaitOnFlagUntilTimeout
 .text.UART_CheckIdleState
                0x000000000800e534       0x60 obj/stm32l0xx_hal_uart.o
                0x000000000800e534                UART_CheckIdleState
 .text.HAL_UART_Init
                0x000000000800e594       0x64 obj/stm32l0xx_hal_uart.o
                0x000000000800e594                HAL_UART_Init
 .text.HAL_UARTEx_WakeupCallback
                0x000000000800e5f8        0x2 obj/stm32l0xx_hal_uart_ex.o
                0x000000000800e5f8                HAL_UARTEx_WakeupCallback
 *fill*         0x000000000800e5fa        0x2 
 .text.ADC_DelayMicroSecond
                0x000000000800e5fc       0x2c obj/stm32l0xx_hal_adc.o
 .text.ADC_Disable
                0x000000000800e628       0x68 obj/stm32l0xx_hal_adc.o
 .text.ADC_Enable
                0x000000000800e690       0x70 obj/stm32l0xx_hal_adc.o
 .text.ADC_ConversionStop
                0x000000000800e700       0x52 obj/stm32l0xx_hal_adc.o
 .text.HAL_ADC_MspInit
                0x000000000800e752        0x2 obj/stm32l0xx_hal_adc.o
                0x000000000800e752                HAL_ADC_MspInit
 .text.HAL_ADC_Init
                0x000000000800e754      0x1b4 obj/stm32l0xx_hal_adc.o
                0x000000000800e754                HAL_ADC_Init
 .text.HAL_ADC_MspDeInit
                0x000000000800e908        0x2 obj/stm32l0xx_hal_adc.o
                0x000000000800e908                HAL_ADC_MspDeInit
 *fill*         0x000000000800e90a        0x2 
 .text.HAL_ADC_DeInit
                0x000000000800e90c       0xa8 obj/stm32l0xx_hal_adc.o
                0x000000000800e90c                HAL_ADC_DeInit
 .text.HAL_ADC_Start
                0x000000000800e9b4       0x58 obj/stm32l0xx_hal_adc.o
                0x000000000800e9b4                HAL_ADC_Start
 .text.HAL_ADC_PollForConversion
                0x000000000800ea0c       0xbc obj/stm32l0xx_hal_adc.o
                0x000000000800ea0c                HAL_ADC_PollForConversion
 .text.HAL_ADC_GetValue
                0x000000000800eac8        0x6 obj/stm32l0xx_hal_adc.o
                0x000000000800eac8                HAL_ADC_GetValue
 *fill*         0x000000000800eace        0x2 
 .text.HAL_ADC_ConfigChannel
                0x000000000800ead0       0xa8 obj/stm32l0xx_hal_adc.o
                0x000000000800ead0                HAL_ADC_ConfigChannel
 .text.HAL_ADCEx_Calibration_Start
                0x000000000800eb78       0xa0 obj/stm32l0xx_hal_adc_ex.o
                0x000000000800eb78                HAL_ADCEx_Calibration_Start
 .text.HAL_RCC_GetSysClockFreq
                0x000000000800ec18       0x80 obj/stm32l0xx_hal_rcc.o
                0x000000000800ec18                HAL_RCC_GetSysClockFreq
 .text.HAL_RCC_OscConfig
                0x000000000800ec98      0x50c obj/stm32l0xx_hal_rcc.o
                0x000000000800ec98                HAL_RCC_OscConfig
 .text.HAL_RCC_ClockConfig
                0x000000000800f1a4      0x170 obj/stm32l0xx_hal_rcc.o
                0x000000000800f1a4                HAL_RCC_ClockConfig
 .text.HAL_RCC_GetPCLK1Freq
                0x000000000800f314       0x20 obj/stm32l0xx_hal_rcc.o
                0x000000000800f314                HAL_RCC_GetPCLK1Freq
 .text.HAL_RCC_GetPCLK2Freq
                0x000000000800f334       0x20 obj/stm32l0xx_hal_rcc.o
                0x000000000800f334                HAL_RCC_GetPCLK2Freq
 .text.HAL_RCCEx_PeriphCLKConfig
                0x000000000800f354      0x1bc obj/stm32l0xx_hal_rcc_ex.o
                0x000000000800f354                HAL_RCCEx_PeriphCLKConfig
 .text.HAL_Init
                0x000000000800f510       0x28 obj/stm32l0xx_hal.o
                0x000000000800f510                HAL_Init
 .text.HAL_IncTick
                0x000000000800f538       0x10 obj/stm32l0xx_hal.o
                0x000000000800f538                HAL_IncTick
 .text.HAL_GetTick
                0x000000000800f548        0xc obj/stm32l0xx_hal.o
                0x000000000800f548                HAL_GetTick
 .text.HAL_DBGMCU_DisableDBGSleepMode
                0x000000000800f554       0x10 obj/stm32l0xx_hal.o
                0x000000000800f554                HAL_DBGMCU_DisableDBGSleepMode
 .text.HAL_DBGMCU_DisableDBGStopMode
                0x000000000800f564       0x10 obj/stm32l0xx_hal.o
                0x000000000800f564                HAL_DBGMCU_DisableDBGStopMode
 .text.HAL_DBGMCU_DisableDBGStandbyMode
                0x000000000800f574       0x10 obj/stm32l0xx_hal.o
                0x000000000800f574                HAL_DBGMCU_DisableDBGStandbyMode
 .text.HAL_NVIC_SetPriority
                0x000000000800f584       0x54 obj/stm32l0xx_hal_cortex.o
                0x000000000800f584                HAL_NVIC_SetPriority
 .text.HAL_NVIC_EnableIRQ
                0x000000000800f5d8       0x18 obj/stm32l0xx_hal_cortex.o
                0x000000000800f5d8                HAL_NVIC_EnableIRQ
 .text.HAL_GPIO_Init
                0x000000000800f5f0      0x178 obj/stm32l0xx_hal_gpio.o
                0x000000000800f5f0                HAL_GPIO_Init
 .text.HAL_GPIO_WritePin
                0x000000000800f768        0xc obj/stm32l0xx_hal_gpio.o
                0x000000000800f768                HAL_GPIO_WritePin
 .text.HAL_GPIO_EXTI_IRQHandler
                0x000000000800f774       0x18 obj/stm32l0xx_hal_gpio.o
                0x000000000800f774                HAL_GPIO_EXTI_IRQHandler
 .text.HAL_DMA_Init
                0x000000000800f78c       0x88 obj/stm32l0xx_hal_dma.o
                0x000000000800f78c                HAL_DMA_Init
 .text.HAL_DMA_Start_IT
                0x000000000800f814       0x80 obj/stm32l0xx_hal_dma.o
                0x000000000800f814                HAL_DMA_Start_IT
 .text.HAL_DMA_Abort_IT
                0x000000000800f894       0x4a obj/stm32l0xx_hal_dma.o
                0x000000000800f894                HAL_DMA_Abort_IT
 .text.HAL_DMA_IRQHandler
                0x000000000800f8de       0x96 obj/stm32l0xx_hal_dma.o
                0x000000000800f8de                HAL_DMA_IRQHandler
 .text.HAL_PWR_DisablePVD
                0x000000000800f974       0x10 obj/stm32l0xx_hal_pwr.o
                0x000000000800f974                HAL_PWR_DisablePVD
 .text.HAL_PWR_EnterSLEEPMode
                0x000000000800f984       0x34 obj/stm32l0xx_hal_pwr.o
                0x000000000800f984                HAL_PWR_EnterSLEEPMode
 .text.HAL_PWR_EnterSTOPMode
                0x000000000800f9b8       0x38 obj/stm32l0xx_hal_pwr.o
                0x000000000800f9b8                HAL_PWR_EnterSTOPMode
 .text.HAL_PWREx_EnableFastWakeUp
                0x000000000800f9f0       0x14 obj/stm32l0xx_hal_pwr_ex.o
                0x000000000800f9f0                HAL_PWREx_EnableFastWakeUp
 .text.HAL_PWREx_EnableUltraLowPower
                0x000000000800fa04       0x14 obj/stm32l0xx_hal_pwr_ex.o
                0x000000000800fa04                HAL_PWREx_EnableUltraLowPower
 .text.HAL_RTC_DeactivateAlarm
                0x000000000800fa18       0xc4 obj/stm32l0xx_hal_rtc.o
                0x000000000800fa18                HAL_RTC_DeactivateAlarm
 .text.HAL_RTC_WaitForSynchro
                0x000000000800fadc       0x34 obj/stm32l0xx_hal_rtc.o
                0x000000000800fadc                HAL_RTC_WaitForSynchro
 .text.RTC_EnterInitMode
                0x000000000800fb10       0x38 obj/stm32l0xx_hal_rtc.o
                0x000000000800fb10                RTC_EnterInitMode
 .text.HAL_RTC_Init
                0x000000000800fb48       0xb8 obj/stm32l0xx_hal_rtc.o
                0x000000000800fb48                HAL_RTC_Init
 .text.RTC_ByteToBcd2
                0x000000000800fc00       0x16 obj/stm32l0xx_hal_rtc.o
                0x000000000800fc00                RTC_ByteToBcd2
 *fill*         0x000000000800fc16        0x2 
 .text.HAL_RTC_SetTime
                0x000000000800fc18      0x108 obj/stm32l0xx_hal_rtc.o
                0x000000000800fc18                HAL_RTC_SetTime
 .text.HAL_RTC_SetDate
                0x000000000800fd20       0xd8 obj/stm32l0xx_hal_rtc.o
                0x000000000800fd20                HAL_RTC_SetDate
 .text.HAL_RTC_SetAlarm_IT
                0x000000000800fdf8      0x1ac obj/stm32l0xx_hal_rtc.o
                0x000000000800fdf8                HAL_RTC_SetAlarm_IT
 .text.RTC_Bcd2ToByte
                0x000000000800ffa4       0x12 obj/stm32l0xx_hal_rtc.o
                0x000000000800ffa4                RTC_Bcd2ToByte
 *fill*         0x000000000800ffb6        0x2 
 .text.HAL_RTC_GetTime
                0x000000000800ffb8       0x54 obj/stm32l0xx_hal_rtc.o
                0x000000000800ffb8                HAL_RTC_GetTime
 .text.HAL_RTC_GetDate
                0x000000000801000c       0x44 obj/stm32l0xx_hal_rtc.o
                0x000000000801000c                HAL_RTC_GetDate
 .text.HAL_RTCEx_BKUPWrite
                0x0000000008010050        0xc obj/stm32l0xx_hal_rtc_ex.o
                0x0000000008010050                HAL_RTCEx_BKUPWrite
 .text.HAL_RTCEx_BKUPRead
                0x000000000801005c        0xc obj/stm32l0xx_hal_rtc_ex.o
                0x000000000801005c                HAL_RTCEx_BKUPRead
 .text.HAL_RTCEx_EnableBypassShadow
                0x0000000008010068       0x34 obj/stm32l0xx_hal_rtc_ex.o
                0x0000000008010068                HAL_RTCEx_EnableBypassShadow
 .text.I2C_Flush_TXDR
                0x000000000801009c       0x1c obj/stm32l0xx_hal_i2c.o
 .text.I2C_TransferConfig
                0x00000000080100b8       0x28 obj/stm32l0xx_hal_i2c.o
 .text.I2C_IsAcknowledgeFailed
                0x00000000080100e0       0x7c obj/stm32l0xx_hal_i2c.o
 .text.I2C_WaitOnTXISFlagUntilTimeout
                0x000000000801015c       0x54 obj/stm32l0xx_hal_i2c.o
 .text.I2C_WaitOnFlagUntilTimeout
                0x00000000080101b0       0x50 obj/stm32l0xx_hal_i2c.o
 .text.I2C_RequestMemoryWrite
                0x0000000008010200       0x68 obj/stm32l0xx_hal_i2c.o
 .text.I2C_RequestMemoryRead
                0x0000000008010268       0x64 obj/stm32l0xx_hal_i2c.o
 .text.I2C_WaitOnSTOPFlagUntilTimeout
                0x00000000080102cc       0x50 obj/stm32l0xx_hal_i2c.o
 .text.HAL_I2C_MspInit
                0x000000000801031c        0x2 obj/stm32l0xx_hal_i2c.o
                0x000000000801031c                HAL_I2C_MspInit
 *fill*         0x000000000801031e        0x2 
 .text.HAL_I2C_Init
                0x0000000008010320       0xac obj/stm32l0xx_hal_i2c.o
                0x0000000008010320                HAL_I2C_Init
 .text.HAL_I2C_MspDeInit
                0x00000000080103cc        0x2 obj/stm32l0xx_hal_i2c.o
                0x00000000080103cc                HAL_I2C_MspDeInit
 .text.HAL_I2C_DeInit
                0x00000000080103ce       0x34 obj/stm32l0xx_hal_i2c.o
                0x00000000080103ce                HAL_I2C_DeInit
 *fill*         0x0000000008010402        0x2 
 .text.HAL_I2C_Mem_Write
                0x0000000008010404      0x174 obj/stm32l0xx_hal_i2c.o
                0x0000000008010404                HAL_I2C_Mem_Write
 .text.HAL_I2C_Mem_Read
                0x0000000008010578      0x188 obj/stm32l0xx_hal_i2c.o
                0x0000000008010578                HAL_I2C_Mem_Read
 .text.HAL_I2C_GetState
                0x0000000008010700        0x8 obj/stm32l0xx_hal_i2c.o
                0x0000000008010700                HAL_I2C_GetState
 .text.McpsConfirm
                0x0000000008010708       0xc4 obj/lora.o
 .text.MlmeIndication
                0x00000000080107cc       0x48 obj/lora.o
 .text.McpsIndication
                0x0000000008010814       0xe0 obj/lora.o
 .text.LORA_Init
                0x00000000080108f4      0x21c obj/lora.o
                0x00000000080108f4                LORA_Init
 .text.LORA_Join
                0x0000000008010b10       0x28 obj/lora.o
                0x0000000008010b10                LORA_Join
 .text.MlmeConfirm
                0x0000000008010b38       0x70 obj/lora.o
 .text.LORA_JoinStatus
                0x0000000008010ba8       0x1e obj/lora.o
                0x0000000008010ba8                LORA_JoinStatus
 *fill*         0x0000000008010bc6        0x2 
 .text.LORA_send
                0x0000000008010bc8       0x70 obj/lora.o
                0x0000000008010bc8                LORA_send
 .text.LORA_RequestClass
                0x0000000008010c38       0x7c obj/lora.o
                0x0000000008010c38                LORA_RequestClass
 .text.certif_tx.isra.0
                0x0000000008010cb4       0xb0 obj/lora-test.o
 .text.OnCertifTxNextPacketTimerEvent
                0x0000000008010d64        0x8 obj/lora-test.o
 .text.certif_running
                0x0000000008010d6c        0xc obj/lora-test.o
                0x0000000008010d6c                certif_running
 .text.certif_DownLinkIncrement
                0x0000000008010d78       0x10 obj/lora-test.o
                0x0000000008010d78                certif_DownLinkIncrement
 .text.certif_linkCheck
                0x0000000008010d88       0x20 obj/lora-test.o
                0x0000000008010d88                certif_linkCheck
 .text.certif_rx
                0x0000000008010da8      0x1a8 obj/lora-test.o
                0x0000000008010da8                certif_rx
 .text.OnRadioRxError
                0x0000000008010f50       0x2c obj/LoRaMac.o
 .text.UpdateRxSlotIdleState
                0x0000000008010f7c       0x20 obj/LoRaMac.o
 .text.CallNvmCtxCallback
                0x0000000008010f9c       0x1c obj/LoRaMac.o
 .text.EventMacNvmCtxChanged
                0x0000000008010fb8        0xa obj/LoRaMac.o
 .text.EventRegionNvmCtxChanged
                0x0000000008010fc2        0xa obj/LoRaMac.o
 .text.EventCryptoNvmCtxChanged
                0x0000000008010fcc        0xa obj/LoRaMac.o
 .text.EventSecureElementNvmCtxChanged
                0x0000000008010fd6        0xa obj/LoRaMac.o
 .text.EventCommandsNvmCtxChanged
                0x0000000008010fe0        0xa obj/LoRaMac.o
 .text.EventClassBNvmCtxChanged
                0x0000000008010fea        0xa obj/LoRaMac.o
 .text.EventConfirmQueueNvmCtxChanged
                0x0000000008010ff4        0xa obj/LoRaMac.o
 *fill*         0x0000000008010ffe        0x2 
 .text.GetMaxAppPayloadWithoutFOptsLength
                0x0000000008011000       0x3c obj/LoRaMac.o
 .text.OnAckTimeoutTimerEvent
                0x000000000801103c       0x5c obj/LoRaMac.o
 .text.PrepareRxDoneAbort
                0x0000000008011098       0x3c obj/LoRaMac.o
 .text.HandleRadioRxErrorTimeout
                0x00000000080110d4       0xcc obj/LoRaMac.o
 .text.ResetMacParameters
                0x00000000080111a0       0xd4 obj/LoRaMac.o
 .text.OnRadioRxTimeout
                0x0000000008011274       0x4c obj/LoRaMac.o
 .text.OnRadioTxTimeout
                0x00000000080112c0       0x4c obj/LoRaMac.o
 .text.OnRadioRxDone
                0x000000000801130c       0x68 obj/LoRaMac.o
 .text.OnRadioTxDone
                0x0000000008011374       0x70 obj/LoRaMac.o
 .text.OpenContinuousRxCWindow
                0x00000000080113e4       0x50 obj/LoRaMac.o
 .text.SwitchClass
                0x0000000008011434      0x13c obj/LoRaMac.o
 .text.RxWindowSetup.constprop.0
                0x0000000008011570       0x4c obj/LoRaMac.o
 .text.OnRxWindow1TimerEvent
                0x00000000080115bc       0x60 obj/LoRaMac.o
 .text.OnRxWindow2TimerEvent
                0x000000000801161c       0x6c obj/LoRaMac.o
 .text.ProcessMacCommands.constprop.0
                0x0000000008011688      0x530 obj/LoRaMac.o
 .text.StopRetransmission.isra.0
                0x0000000008011bb8       0x5c obj/LoRaMac.o
 .text.LoRaMacIsBusy
                0x0000000008011c14       0x24 obj/LoRaMac.o
                0x0000000008011c14                LoRaMacIsBusy
 .text.PrepareFrame
                0x0000000008011c38      0x188 obj/LoRaMac.o
                0x0000000008011c38                PrepareFrame
 .text.SendFrameOnChannel
                0x0000000008011dc0      0x118 obj/LoRaMac.o
                0x0000000008011dc0                SendFrameOnChannel
 .text.ScheduleTx
                0x0000000008011ed8      0x260 obj/LoRaMac.o
 .text.OnTxDelayedTimerEvent
                0x0000000008012138       0x64 obj/LoRaMac.o
 .text.Send     0x000000000801219c      0x110 obj/LoRaMac.o
                0x000000000801219c                Send
 .text.SendReJoinReq
                0x00000000080122ac       0x5c obj/LoRaMac.o
                0x00000000080122ac                SendReJoinReq
 .text.SetTxContinuousWave
                0x0000000008012308       0x5c obj/LoRaMac.o
                0x0000000008012308                SetTxContinuousWave
 .text.SetTxContinuousWave1
                0x0000000008012364       0x2c obj/LoRaMac.o
                0x0000000008012364                SetTxContinuousWave1
 .text.GetCtxs  0x0000000008012390       0x6c obj/LoRaMac.o
                0x0000000008012390                GetCtxs
 .text.RestoreCtxs
                0x00000000080123fc       0x90 obj/LoRaMac.o
                0x00000000080123fc                RestoreCtxs
 .text.DetermineFrameType
                0x000000000801248c       0x52 obj/LoRaMac.o
                0x000000000801248c                DetermineFrameType
 *fill*         0x00000000080124de        0x2 
 .text.LoRaMacProcess
                0x00000000080124e0      0x9b8 obj/LoRaMac.o
                0x00000000080124e0                LoRaMacProcess
 .text.LoRaMacInitialization
                0x0000000008012e98      0x3d4 obj/LoRaMac.o
                0x0000000008012e98                LoRaMacInitialization
 .text.LoRaMacStart
                0x000000000801326c       0x10 obj/LoRaMac.o
                0x000000000801326c                LoRaMacStart
 .text.LoRaMacQueryTxPossible
                0x000000000801327c       0xb4 obj/LoRaMac.o
                0x000000000801327c                LoRaMacQueryTxPossible
 .text.LoRaMacMibGetRequestConfirm
                0x0000000008013330      0x1bc obj/LoRaMac.o
                0x0000000008013330                LoRaMacMibGetRequestConfirm
 .text.LoRaMacMibSetRequestConfirm
                0x00000000080134ec      0x484 obj/LoRaMac.o
                0x00000000080134ec                LoRaMacMibSetRequestConfirm
 .text.LoRaMacMlmeRequest
                0x0000000008013970      0x174 obj/LoRaMac.o
                0x0000000008013970                LoRaMacMlmeRequest
 .text.LoRaMacMcpsRequest
                0x0000000008013ae4      0x16c obj/LoRaMac.o
                0x0000000008013ae4                LoRaMacMcpsRequest
 .text.DummyCB  0x0000000008013c50        0x2 obj/LoRaMacCrypto.o
 .text.PayloadEncrypt
                0x0000000008013c52       0xbe obj/LoRaMacCrypto.o
 .text.DeriveSessionKey10x
                0x0000000008013d10       0x68 obj/LoRaMacCrypto.o
 .text.LoRaMacCryptoDeriveMcKEKey.part.0
                0x0000000008013d78       0x2c obj/LoRaMacCrypto.o
 .text.GetLastFcntDown.constprop.0
                0x0000000008013da4       0x54 obj/LoRaMacCrypto.o
 .text.VerifyCmacB0.constprop.0
                0x0000000008013df8       0xac obj/LoRaMacCrypto.o
 .text.LoRaMacCryptoInit
                0x0000000008013ea4       0x54 obj/LoRaMacCrypto.o
                0x0000000008013ea4                LoRaMacCryptoInit
 .text.LoRaMacCryptoSetLrWanVersion
                0x0000000008013ef8       0x10 obj/LoRaMacCrypto.o
                0x0000000008013ef8                LoRaMacCryptoSetLrWanVersion
 .text.LoRaMacCryptoRestoreNvmCtx
                0x0000000008013f08       0x1c obj/LoRaMacCrypto.o
                0x0000000008013f08                LoRaMacCryptoRestoreNvmCtx
 .text.LoRaMacCryptoGetNvmCtx
                0x0000000008013f24        0xc obj/LoRaMacCrypto.o
                0x0000000008013f24                LoRaMacCryptoGetNvmCtx
 .text.LoRaMacCryptoGetFCntUp
                0x0000000008013f30       0x1c obj/LoRaMacCrypto.o
                0x0000000008013f30                LoRaMacCryptoGetFCntUp
 .text.LoRaMacCryptoGetFCntDown
                0x0000000008013f4c       0x7c obj/LoRaMacCrypto.o
                0x0000000008013f4c                LoRaMacCryptoGetFCntDown
 .text.LoRaMacCryptoSetMulticastReference
                0x0000000008013fc8       0x28 obj/LoRaMacCrypto.o
                0x0000000008013fc8                LoRaMacCryptoSetMulticastReference
 .text.LoRaMacCryptoPrepareJoinRequest
                0x0000000008013ff0       0x60 obj/LoRaMacCrypto.o
                0x0000000008013ff0                LoRaMacCryptoPrepareJoinRequest
 .text.LoRaMacCryptoSecureMessage
                0x0000000008014050       0xd0 obj/LoRaMacCrypto.o
                0x0000000008014050                LoRaMacCryptoSecureMessage
 .text.LoRaMacCryptoUnsecureMessage
                0x0000000008014120       0xf8 obj/LoRaMacCrypto.o
                0x0000000008014120                LoRaMacCryptoUnsecureMessage
 .text.LoRaMacCryptoDeriveMcRootKey
                0x0000000008014218       0x58 obj/LoRaMacCrypto.o
                0x0000000008014218                LoRaMacCryptoDeriveMcRootKey
 .text.LoRaMacCryptoSetKey
                0x0000000008014270       0x28 obj/LoRaMacCrypto.o
                0x0000000008014270                LoRaMacCryptoSetKey
 .text.LoRaMacCryptoHandleJoinAccept
                0x0000000008014298      0x168 obj/LoRaMacCrypto.o
                0x0000000008014298                LoRaMacCryptoHandleJoinAccept
 .text.LoRaMacAdrCalcNext
                0x0000000008014400       0xd4 obj/LoRaMacAdr.o
                0x0000000008014400                LoRaMacAdrCalcNext
 .text.LoRaMacClassBInit
                0x00000000080144d4        0x2 obj/LoRaMacClassB.o
                0x00000000080144d4                LoRaMacClassBInit
 .text.LoRaMacClassBRestoreNvmCtx
                0x00000000080144d6        0x4 obj/LoRaMacClassB.o
                0x00000000080144d6                LoRaMacClassBRestoreNvmCtx
 .text.LoRaMacClassBGetNvmCtx
                0x00000000080144da        0x8 obj/LoRaMacClassB.o
                0x00000000080144da                LoRaMacClassBGetNvmCtx
 .text.LoRaMacClassBSetBeaconState
                0x00000000080144e2        0x2 obj/LoRaMacClassB.o
                0x00000000080144e2                LoRaMacClassBSetBeaconState
 .text.LoRaMacClassBSetPingSlotState
                0x00000000080144e4        0x2 obj/LoRaMacClassB.o
                0x00000000080144e4                LoRaMacClassBSetPingSlotState
 .text.LoRaMacClassBSetMulticastSlotState
                0x00000000080144e6        0x2 obj/LoRaMacClassB.o
                0x00000000080144e6                LoRaMacClassBSetMulticastSlotState
 .text.LoRaMacClassBIsAcquisitionInProgress
                0x00000000080144e8        0x4 obj/LoRaMacClassB.o
                0x00000000080144e8                LoRaMacClassBIsAcquisitionInProgress
 .text.LoRaMacClassBBeaconTimerEvent
                0x00000000080144ec        0x2 obj/LoRaMacClassB.o
                0x00000000080144ec                LoRaMacClassBBeaconTimerEvent
 .text.LoRaMacClassBPingSlotTimerEvent
                0x00000000080144ee        0x2 obj/LoRaMacClassB.o
                0x00000000080144ee                LoRaMacClassBPingSlotTimerEvent
 .text.LoRaMacClassBMulticastSlotTimerEvent
                0x00000000080144f0        0x2 obj/LoRaMacClassB.o
                0x00000000080144f0                LoRaMacClassBMulticastSlotTimerEvent
 .text.LoRaMacClassBRxBeacon
                0x00000000080144f2        0x4 obj/LoRaMacClassB.o
                0x00000000080144f2                LoRaMacClassBRxBeacon
 .text.LoRaMacClassBIsBeaconExpected
                0x00000000080144f6        0x4 obj/LoRaMacClassB.o
                0x00000000080144f6                LoRaMacClassBIsBeaconExpected
 .text.LoRaMacClassBIsPingExpected
                0x00000000080144fa        0x4 obj/LoRaMacClassB.o
                0x00000000080144fa                LoRaMacClassBIsPingExpected
 .text.LoRaMacClassBIsMulticastExpected
                0x00000000080144fe        0x4 obj/LoRaMacClassB.o
                0x00000000080144fe                LoRaMacClassBIsMulticastExpected
 .text.LoRaMacClassBIsBeaconModeActive
                0x0000000008014502        0x4 obj/LoRaMacClassB.o
                0x0000000008014502                LoRaMacClassBIsBeaconModeActive
 .text.LoRaMacClassBSetPingSlotInfo
                0x0000000008014506        0x2 obj/LoRaMacClassB.o
                0x0000000008014506                LoRaMacClassBSetPingSlotInfo
 .text.LoRaMacClassBHaltBeaconing
                0x0000000008014508        0x2 obj/LoRaMacClassB.o
                0x0000000008014508                LoRaMacClassBHaltBeaconing
 .text.LoRaMacClassBResumeBeaconing
                0x000000000801450a        0x2 obj/LoRaMacClassB.o
                0x000000000801450a                LoRaMacClassBResumeBeaconing
 .text.LoRaMacClassBSwitchClass
                0x000000000801450c        0x4 obj/LoRaMacClassB.o
                0x000000000801450c                LoRaMacClassBSwitchClass
 .text.LoRaMacClassBMibGetRequestConfirm
                0x0000000008014510        0x4 obj/LoRaMacClassB.o
                0x0000000008014510                LoRaMacClassBMibGetRequestConfirm
 .text.LoRaMacMibClassBSetRequestConfirm
                0x0000000008014514        0x4 obj/LoRaMacClassB.o
                0x0000000008014514                LoRaMacMibClassBSetRequestConfirm
 .text.LoRaMacClassBPingSlotInfoAns
                0x0000000008014518        0x2 obj/LoRaMacClassB.o
                0x0000000008014518                LoRaMacClassBPingSlotInfoAns
 .text.LoRaMacClassBPingSlotChannelReq
                0x000000000801451a        0x4 obj/LoRaMacClassB.o
                0x000000000801451a                LoRaMacClassBPingSlotChannelReq
 .text.LoRaMacClassBBeaconTimingAns
                0x000000000801451e        0x2 obj/LoRaMacClassB.o
                0x000000000801451e                LoRaMacClassBBeaconTimingAns
 .text.LoRaMacClassBDeviceTimeAns
                0x0000000008014520        0x2 obj/LoRaMacClassB.o
                0x0000000008014520                LoRaMacClassBDeviceTimeAns
 .text.LoRaMacClassBBeaconFreqReq
                0x0000000008014522        0x4 obj/LoRaMacClassB.o
                0x0000000008014522                LoRaMacClassBBeaconFreqReq
 .text.LoRaMacClassBIsUplinkCollision
                0x0000000008014526        0x4 obj/LoRaMacClassB.o
                0x0000000008014526                LoRaMacClassBIsUplinkCollision
 .text.LoRaMacClassBStopRxSlots
                0x000000000801452a        0x2 obj/LoRaMacClassB.o
                0x000000000801452a                LoRaMacClassBStopRxSlots
 .text.LoRaMacClassBProcess
                0x000000000801452c        0x2 obj/LoRaMacClassB.o
                0x000000000801452c                LoRaMacClassBProcess
 *fill*         0x000000000801452e        0x2 
 .text.NvmCtxCallback
                0x0000000008014530       0x14 obj/LoRaMacCommands.o
 .text.LoRaMacCommandsInit
                0x0000000008014544       0x24 obj/LoRaMacCommands.o
                0x0000000008014544                LoRaMacCommandsInit
 .text.LoRaMacCommandsRestoreNvmCtx
                0x0000000008014568       0x1c obj/LoRaMacCommands.o
                0x0000000008014568                LoRaMacCommandsRestoreNvmCtx
 .text.LoRaMacCommandsGetNvmCtx
                0x0000000008014584        0xc obj/LoRaMacCommands.o
                0x0000000008014584                LoRaMacCommandsGetNvmCtx
 .text.LoRaMacCommandsAddCmd
                0x0000000008014590       0xa0 obj/LoRaMacCommands.o
                0x0000000008014590                LoRaMacCommandsAddCmd
 .text.LoRaMacCommandsRemoveCmd
                0x0000000008014630       0x58 obj/LoRaMacCommands.o
                0x0000000008014630                LoRaMacCommandsRemoveCmd
 .text.LoRaMacCommandsRemoveNoneStickyCmds
                0x0000000008014688       0x28 obj/LoRaMacCommands.o
                0x0000000008014688                LoRaMacCommandsRemoveNoneStickyCmds
 .text.LoRaMacCommandsRemoveStickyAnsCmds
                0x00000000080146b0       0x38 obj/LoRaMacCommands.o
                0x00000000080146b0                LoRaMacCommandsRemoveStickyAnsCmds
 .text.LoRaMacCommandsGetSizeSerializedCmds
                0x00000000080146e8       0x18 obj/LoRaMacCommands.o
                0x00000000080146e8                LoRaMacCommandsGetSizeSerializedCmds
 .text.LoRaMacCommandsSerializeCmds
                0x0000000008014700       0x4c obj/LoRaMacCommands.o
                0x0000000008014700                LoRaMacCommandsSerializeCmds
 .text.LoRaMacCommandsStickyCmdsPending
                0x000000000801474c       0x2c obj/LoRaMacCommands.o
                0x000000000801474c                LoRaMacCommandsStickyCmdsPending
 .text.LoRaMacConfirmQueueInit
                0x0000000008014778       0x30 obj/LoRaMacConfirmQueue.o
                0x0000000008014778                LoRaMacConfirmQueueInit
 .text.LoRaMacConfirmQueueRestoreNvmCtx
                0x00000000080147a8       0x1c obj/LoRaMacConfirmQueue.o
                0x00000000080147a8                LoRaMacConfirmQueueRestoreNvmCtx
 .text.LoRaMacConfirmQueueGetNvmCtx
                0x00000000080147c4        0xc obj/LoRaMacConfirmQueue.o
                0x00000000080147c4                LoRaMacConfirmQueueGetNvmCtx
 .text.LoRaMacConfirmQueueAdd
                0x00000000080147d0       0x3c obj/LoRaMacConfirmQueue.o
                0x00000000080147d0                LoRaMacConfirmQueueAdd
 .text.LoRaMacConfirmQueueRemoveFirst
                0x000000000801480c       0x28 obj/LoRaMacConfirmQueue.o
                0x000000000801480c                LoRaMacConfirmQueueRemoveFirst
 .text.LoRaMacConfirmQueueSetStatus
                0x0000000008014834       0x3c obj/LoRaMacConfirmQueue.o
                0x0000000008014834                LoRaMacConfirmQueueSetStatus
 .text.LoRaMacConfirmQueueGetStatus
                0x0000000008014870       0x40 obj/LoRaMacConfirmQueue.o
                0x0000000008014870                LoRaMacConfirmQueueGetStatus
 .text.LoRaMacConfirmQueueSetStatusCmn
                0x00000000080148b0       0x38 obj/LoRaMacConfirmQueue.o
                0x00000000080148b0                LoRaMacConfirmQueueSetStatusCmn
 .text.LoRaMacConfirmQueueIsCmdActive
                0x00000000080148e8       0x34 obj/LoRaMacConfirmQueue.o
                0x00000000080148e8                LoRaMacConfirmQueueIsCmdActive
 .text.LoRaMacConfirmQueueHandleCb
                0x000000000801491c       0x58 obj/LoRaMacConfirmQueue.o
                0x000000000801491c                LoRaMacConfirmQueueHandleCb
 .text.LoRaMacConfirmQueueGetCnt
                0x0000000008014974        0xc obj/LoRaMacConfirmQueue.o
                0x0000000008014974                LoRaMacConfirmQueueGetCnt
 .text.LoRaMacConfirmQueueIsFull
                0x0000000008014980       0x14 obj/LoRaMacConfirmQueue.o
                0x0000000008014980                LoRaMacConfirmQueueIsFull
 .text.LoRaMacParserJoinAccept
                0x0000000008014994       0x98 obj/LoRaMacParser.o
                0x0000000008014994                LoRaMacParserJoinAccept
 .text.LoRaMacParserData
                0x0000000008014a2c       0xb6 obj/LoRaMacParser.o
                0x0000000008014a2c                LoRaMacParserData
 .text.LoRaMacSerializerJoinRequest
                0x0000000008014ae2       0x6a obj/LoRaMacSerializer.o
                0x0000000008014ae2                LoRaMacSerializerJoinRequest
 .text.LoRaMacSerializerData
                0x0000000008014b4c       0xde obj/LoRaMacSerializer.o
                0x0000000008014b4c                LoRaMacSerializerData
 .text.RegionIsActive
                0x0000000008014c2a        0xa obj/Region.o
                0x0000000008014c2a                RegionIsActive
 .text.RegionGetPhyParam
                0x0000000008014c34       0x18 obj/Region.o
                0x0000000008014c34                RegionGetPhyParam
 .text.RegionSetBandTxDone
                0x0000000008014c4c        0xe obj/Region.o
                0x0000000008014c4c                RegionSetBandTxDone
 .text.RegionInitDefaults
                0x0000000008014c5a        0xe obj/Region.o
                0x0000000008014c5a                RegionInitDefaults
 .text.RegionGetNvmCtx
                0x0000000008014c68       0x14 obj/Region.o
                0x0000000008014c68                RegionGetNvmCtx
 .text.RegionVerify
                0x0000000008014c7c       0x18 obj/Region.o
                0x0000000008014c7c                RegionVerify
 .text.RegionApplyCFList
                0x0000000008014c94        0xe obj/Region.o
                0x0000000008014c94                RegionApplyCFList
 .text.RegionChanMaskSet
                0x0000000008014ca2       0x14 obj/Region.o
                0x0000000008014ca2                RegionChanMaskSet
 .text.RegionComputeRxWindowParameters
                0x0000000008014cb6       0x16 obj/Region.o
                0x0000000008014cb6                RegionComputeRxWindowParameters
 .text.RegionRxConfig
                0x0000000008014ccc       0x18 obj/Region.o
                0x0000000008014ccc                RegionRxConfig
 .text.RegionTxConfig
                0x0000000008014ce4       0x1a obj/Region.o
                0x0000000008014ce4                RegionTxConfig
 .text.RegionLinkAdrReq
                0x0000000008014cfe       0x20 obj/Region.o
                0x0000000008014cfe                RegionLinkAdrReq
 .text.RegionRxParamSetupReq
                0x0000000008014d1e       0x14 obj/Region.o
                0x0000000008014d1e                RegionRxParamSetupReq
 .text.RegionNewChannelReq
                0x0000000008014d32       0x14 obj/Region.o
                0x0000000008014d32                RegionNewChannelReq
 .text.RegionTxParamSetupReq
                0x0000000008014d46       0x14 obj/Region.o
                0x0000000008014d46                RegionTxParamSetupReq
 .text.RegionDlChannelReq
                0x0000000008014d5a       0x14 obj/Region.o
                0x0000000008014d5a                RegionDlChannelReq
 .text.RegionAlternateDr
                0x0000000008014d6e       0x18 obj/Region.o
                0x0000000008014d6e                RegionAlternateDr
 .text.RegionCalcBackOff
                0x0000000008014d86        0xe obj/Region.o
                0x0000000008014d86                RegionCalcBackOff
 .text.RegionNextChannel
                0x0000000008014d94       0x1c obj/Region.o
                0x0000000008014d94                RegionNextChannel
 .text.RegionSetContinuousWave
                0x0000000008014db0        0xe obj/Region.o
                0x0000000008014db0                RegionSetContinuousWave
 .text.RegionApplyDrOffset
                0x0000000008014dbe       0x1a obj/Region.o
                0x0000000008014dbe                RegionApplyDrOffset
 .text.RegionCommonGetJoinDc
                0x0000000008014dd8       0x30 obj/RegionCommon.o
                0x0000000008014dd8                RegionCommonGetJoinDc
 .text.RegionCommonChanVerifyDr
                0x0000000008014e08       0x6c obj/RegionCommon.o
                0x0000000008014e08                RegionCommonChanVerifyDr
 .text.RegionCommonValueInRange
                0x0000000008014e74       0x14 obj/RegionCommon.o
                0x0000000008014e74                RegionCommonValueInRange
 .text.RegionCommonChanDisable
                0x0000000008014e88       0x28 obj/RegionCommon.o
                0x0000000008014e88                RegionCommonChanDisable
 .text.RegionCommonCountChannels
                0x0000000008014eb0       0x3e obj/RegionCommon.o
                0x0000000008014eb0                RegionCommonCountChannels
 .text.RegionCommonChanMaskCopy
                0x0000000008014eee       0x1c obj/RegionCommon.o
                0x0000000008014eee                RegionCommonChanMaskCopy
 .text.RegionCommonSetBandTxDone
                0x0000000008014f0a        0xc obj/RegionCommon.o
                0x0000000008014f0a                RegionCommonSetBandTxDone
 .text.RegionCommonUpdateBandTimeOff
                0x0000000008014f16       0x74 obj/RegionCommon.o
                0x0000000008014f16                RegionCommonUpdateBandTimeOff
 .text.RegionCommonParseLinkAdrReq
                0x0000000008014f8a       0x36 obj/RegionCommon.o
                0x0000000008014f8a                RegionCommonParseLinkAdrReq
 .text.RegionCommonLinkAdrReqVerifyParams
                0x0000000008014fc0       0x8c obj/RegionCommon.o
                0x0000000008014fc0                RegionCommonLinkAdrReqVerifyParams
 .text.RegionCommonComputeSymbolTimeLoRa
                0x000000000801504c       0x34 obj/RegionCommon.o
                0x000000000801504c                RegionCommonComputeSymbolTimeLoRa
 .text.RegionCommonComputeRxWindowParameters
                0x0000000008015080       0xc0 obj/RegionCommon.o
                0x0000000008015080                RegionCommonComputeRxWindowParameters
 .text.RegionCommonComputeTxPower
                0x0000000008015140       0x2a obj/RegionCommon.o
                0x0000000008015140                RegionCommonComputeTxPower
 .text.RegionCommonCalcBackOff
                0x000000000801516a       0x56 obj/RegionCommon.o
                0x000000000801516a                RegionCommonCalcBackOff
 .text.VerifyRfFreq
                0x00000000080151c0       0x3c obj/RegionAU915.o
 .text.RegionAU915GetPhyParam
                0x00000000080151fc      0x164 obj/RegionAU915.o
                0x00000000080151fc                RegionAU915GetPhyParam
 .text.RegionAU915SetBandTxDone
                0x0000000008015360       0x24 obj/RegionAU915.o
                0x0000000008015360                RegionAU915SetBandTxDone
 .text.RegionAU915InitDefaults
                0x0000000008015384       0xf0 obj/RegionAU915.o
                0x0000000008015384                RegionAU915InitDefaults
 .text.RegionAU915GetNvmCtx
                0x0000000008015474       0x10 obj/RegionAU915.o
                0x0000000008015474                RegionAU915GetNvmCtx
 .text.RegionAU915Verify
                0x0000000008015484       0x5c obj/RegionAU915.o
                0x0000000008015484                RegionAU915Verify
 .text.RegionAU915ApplyCFList
                0x00000000080154e0       0x50 obj/RegionAU915.o
                0x00000000080154e0                RegionAU915ApplyCFList
 .text.RegionAU915ChanMaskSet
                0x0000000008015530       0x60 obj/RegionAU915.o
                0x0000000008015530                RegionAU915ChanMaskSet
 .text.RegionAU915ComputeRxWindowParameters
                0x0000000008015590       0x78 obj/RegionAU915.o
                0x0000000008015590                RegionAU915ComputeRxWindowParameters
 .text.RegionAU915RxConfig
                0x0000000008015608       0xbc obj/RegionAU915.o
                0x0000000008015608                RegionAU915RxConfig
 .text.RegionAU915TxConfig
                0x00000000080156c4       0xf4 obj/RegionAU915.o
                0x00000000080156c4                RegionAU915TxConfig
 .text.RegionAU915LinkAdrReq
                0x00000000080157b8      0x1d0 obj/RegionAU915.o
                0x00000000080157b8                RegionAU915LinkAdrReq
 .text.RegionAU915RxParamSetupReq
                0x0000000008015988       0x4e obj/RegionAU915.o
                0x0000000008015988                RegionAU915RxParamSetupReq
 .text.RegionAU915NewChannelReq
                0x00000000080159d6        0x4 obj/RegionAU915.o
                0x00000000080159d6                RegionAU915NewChannelReq
 .text.RegionAU915TxParamSetupReq
                0x00000000080159da        0x4 obj/RegionAU915.o
                0x00000000080159da                RegionAU915TxParamSetupReq
 .text.RegionAU915DlChannelReq
                0x00000000080159de        0x4 obj/RegionAU915.o
                0x00000000080159de                RegionAU915DlChannelReq
 *fill*         0x00000000080159e2        0x2 
 .text.RegionAU915AlternateDr
                0x00000000080159e4       0x24 obj/RegionAU915.o
                0x00000000080159e4                RegionAU915AlternateDr
 .text.RegionAU915CalcBackOff
                0x0000000008015a08       0x34 obj/RegionAU915.o
                0x0000000008015a08                RegionAU915CalcBackOff
 .text.RegionAU915NextChannel
                0x0000000008015a3c      0x140 obj/RegionAU915.o
                0x0000000008015a3c                RegionAU915NextChannel
 .text.RegionAU915SetContinuousWave
                0x0000000008015b7c       0x4c obj/RegionAU915.o
                0x0000000008015b7c                RegionAU915SetContinuousWave
 .text.RegionAU915ApplyDrOffset
                0x0000000008015bc8       0x1c obj/RegionAU915.o
                0x0000000008015bc8                RegionAU915ApplyDrOffset
 .text.xor_block
                0x0000000008015be4       0x82 obj/aes.o
 .text.copy_and_key
                0x0000000008015c66       0x84 obj/aes.o
 *fill*         0x0000000008015cea        0x2 
 .text.aes_set_key
                0x0000000008015cec      0x110 obj/aes.o
                0x0000000008015cec                aes_set_key
 .text.aes_encrypt
                0x0000000008015dfc      0x26c obj/aes.o
                0x0000000008015dfc                aes_encrypt
 .text.AES_CMAC_Init
                0x0000000008016068       0x20 obj/cmac.o
                0x0000000008016068                AES_CMAC_Init
 .text.AES_CMAC_SetKey
                0x0000000008016088        0xe obj/cmac.o
                0x0000000008016088                AES_CMAC_SetKey
 .text.AES_CMAC_Update
                0x0000000008016096       0xc8 obj/cmac.o
                0x0000000008016096                AES_CMAC_Update
 .text.AES_CMAC_Final
                0x000000000801615e      0x14e obj/cmac.o
                0x000000000801615e                AES_CMAC_Final
 .text.DummyCB  0x00000000080162ac        0x2 obj/soft-se.o
 *fill*         0x00000000080162ae        0x2 
 .text.GetKeyByID
                0x00000000080162b0       0x34 obj/soft-se.o
                0x00000000080162b0                GetKeyByID
 .text.ComputeCmac
                0x00000000080162e4       0x68 obj/soft-se.o
 .text.SecureElementInit
                0x000000000801634c      0x130 obj/soft-se.o
                0x000000000801634c                SecureElementInit
 .text.SecureElementRestoreNvmCtx
                0x000000000801647c       0x1c obj/soft-se.o
                0x000000000801647c                SecureElementRestoreNvmCtx
 .text.SecureElementGetNvmCtx
                0x0000000008016498       0x10 obj/soft-se.o
                0x0000000008016498                SecureElementGetNvmCtx
 .text.SecureElementComputeAesCmac
                0x00000000080164a8       0x16 obj/soft-se.o
                0x00000000080164a8                SecureElementComputeAesCmac
 .text.SecureElementVerifyAesCmac
                0x00000000080164be       0x30 obj/soft-se.o
                0x00000000080164be                SecureElementVerifyAesCmac
 *fill*         0x00000000080164ee        0x2 
 .text.SecureElementAesEncrypt
                0x00000000080164f0       0x6c obj/soft-se.o
                0x00000000080164f0                SecureElementAesEncrypt
 .text.SecureElementSetKey.part.0
                0x000000000801655c       0x90 obj/soft-se.o
 .text.SecureElementSetKey
                0x00000000080165ec       0x12 obj/soft-se.o
                0x00000000080165ec                SecureElementSetKey
 .text.SecureElementDeriveAndStoreKey
                0x00000000080165fe       0x52 obj/soft-se.o
                0x00000000080165fe                SecureElementDeriveAndStoreKey
 .text.SecureElementRandomNumber
                0x0000000008016650       0x1c obj/soft-se.o
                0x0000000008016650                SecureElementRandomNumber
 .text.SecureElementSetDevEui
                0x000000000801666c       0x24 obj/soft-se.o
                0x000000000801666c                SecureElementSetDevEui
 .text.SecureElementGetDevEui
                0x0000000008016690        0x8 obj/soft-se.o
                0x0000000008016690                SecureElementGetDevEui
 .text.SecureElementSetJoinEui
                0x0000000008016698       0x24 obj/soft-se.o
                0x0000000008016698                SecureElementSetJoinEui
 .text.SecureElementGetJoinEui
                0x00000000080166bc        0x8 obj/soft-se.o
                0x00000000080166bc                SecureElementGetJoinEui
 .text.LPM_SetOffMode
                0x00000000080166c4       0x2c obj/low_power_manager.o
                0x00000000080166c4                LPM_SetOffMode
 .text.LPM_SetStopMode
                0x00000000080166f0       0x2c obj/low_power_manager.o
                0x00000000080166f0                LPM_SetStopMode
 .text.LPM_GetMode
                0x000000000801671c       0x28 obj/low_power_manager.o
                0x000000000801671c                LPM_GetMode
 .text.LPM_ExitSleepMode
                0x0000000008016744        0x2 obj/low_power_manager.o
                0x0000000008016744                LPM_ExitSleepMode
 .text.LPM_EnterOffMode
                0x0000000008016746        0x2 obj/low_power_manager.o
                0x0000000008016746                LPM_EnterOffMode
 .text.LPM_ExitOffMode
                0x0000000008016748        0x2 obj/low_power_manager.o
                0x0000000008016748                LPM_ExitOffMode
 *fill*         0x000000000801674a        0x2 
 .text.LPM_EnterLowPower
                0x000000000801674c       0x38 obj/low_power_manager.o
                0x000000000801674c                LPM_EnterLowPower
 .text.add_elementSize_and_inc_writeIdx
                0x0000000008016784       0x32 obj/queue.o
 .text.circular_queue_init
                0x00000000080167b6        0xe obj/queue.o
                0x00000000080167b6                circular_queue_init
 .text.circular_queue_add
                0x00000000080167c4       0xfc obj/queue.o
                0x00000000080167c4                circular_queue_add
 .text.circular_queue_get
                0x00000000080168c0       0x3a obj/queue.o
                0x00000000080168c0                circular_queue_get
 .text.circular_queue_remove
                0x00000000080168fa       0x56 obj/queue.o
                0x00000000080168fa                circular_queue_remove
 .text.circular_queue_sense
                0x0000000008016950        0xa obj/queue.o
                0x0000000008016950                circular_queue_sense
 *fill*         0x000000000801695a        0x2 
 .text.SysTimeAdd
                0x000000000801695c       0x34 obj/systime.o
                0x000000000801695c                SysTimeAdd
 .text.SysTimeSub
                0x0000000008016990       0x2c obj/systime.o
                0x0000000008016990                SysTimeSub
 .text.SysTimeSet
                0x00000000080169bc       0x3a obj/systime.o
                0x00000000080169bc                SysTimeSet
 *fill*         0x00000000080169f6        0x2 
 .text.SysTimeGet
                0x00000000080169f8       0x50 obj/systime.o
                0x00000000080169f8                SysTimeGet
 .text.SysTimeGetMcuTime
                0x0000000008016a48       0x1e obj/systime.o
                0x0000000008016a48                SysTimeGetMcuTime
 .text.TimerSetTimeout
                0x0000000008016a66       0x2a obj/timeServer.o
 .text.TimerInsertNewHeadTimer
                0x0000000008016a90       0x1c obj/timeServer.o
 .text.TimerInit